PRT1
298
638
4 0 2 (2048 14532 1440 ) (2048 14532 568 ) (2048 14516 568 ) (2048 14516 1440 ) 
4 0 3 (2048 14336 -192 ) (2048 14336 1440 ) (2048 14516 1440 ) (2048 14516 -192 ) 
4 0 4 (2048 14336 1440 ) (2048 14336 -192 ) (2048 13312 -192 ) (2048 13312 1440 ) 
4 0 5 (2048 13312 1440 ) (2048 13312 -192 ) (2048 12288 -192 ) (2048 12288 1440 ) 
4 0 8 (2048 12288 1440 ) (2048 12288 -192 ) (2048 11264 -192 ) (2048 11264 1440 ) 
4 0 9 (2048 11264 1440 ) (2048 11264 -192 ) (2048 10240 -192 ) (2048 10240 1440 ) 
4 0 12 (2048 10240 1440 ) (2048 10240 -192 ) (2048 9216 -192 ) (2048 9216 1440 ) 
4 0 13 (2048 9216 1440 ) (2048 9216 -192 ) (2048 8192 -192 ) (2048 8192 1440 ) 
4 0 14 (16144 6144 -192 ) (16144 6144 1440 ) (15360 6144 1440 ) (15360 6144 -192 ) 
4 0 14 (15360 6144 -192 ) (15360 6144 1440 ) (14336 6144 1440 ) (14336 6144 -192 ) 
4 0 14 (14336 6144 -192 ) (14336 6144 1440 ) (13312 6144 1440 ) (13312 6144 -192 ) 
4 0 14 (13312 6144 -192 ) (13312 6144 1440 ) (12288 6144 1440 ) (12288 6144 -192 ) 
4 0 14 (12288 6144 -192 ) (12288 6144 1440 ) (11264 6144 1440 ) (11264 6144 -192 ) 
4 0 14 (11264 6144 -192 ) (11264 6144 1440 ) (10240 6144 1440 ) (10240 6144 -192 ) 
4 0 14 (10240 6144 -192 ) (10240 6144 1440 ) (9216 6144 1440 ) (9216 6144 -192 ) 
4 0 14 (9216 6144 -192 ) (9216 6144 1440 ) (8192 6144 1440 ) (8192 6144 -192 ) 
4 0 14 (8192 6144 -192 ) (8192 6144 1440 ) (7168 6144 1440 ) (7168 6144 -192 ) 
4 0 14 (7168 6144 -192 ) (7168 6144 1440 ) (6144 6144 1440 ) (6144 6144 -192 ) 
4 0 14 (6144 6144 -192 ) (6144 6144 1440 ) (5120 6144 1440 ) (5120 6144 -192 ) 
4 0 14 (5120 6144 -192 ) (5120 6144 1440 ) (4096 6144 1440 ) (4096 6144 -192 ) 
4 0 14 (4096 6144 -192 ) (4096 6144 1440 ) (3072 6144 1440 ) (3072 6144 -192 ) 
4 0 15 (2048 8192 1440 ) (2048 8192 -192 ) (2048 7168 -192 ) (2048 7168 1440 ) 
4 0 14 (3072 6144 -192 ) (3072 6144 1440 ) (2048 6144 1440 ) (2048 6144 -192 ) 
4 0 16 (2048 7168 1440 ) (2048 7168 -192 ) (2048 6144 -192 ) (2048 6144 1440 ) 
4 2 17 (1024 14516 568 ) (1024 14516 1440 ) (1024 14532 1440 ) (1024 14532 568 ) 
4 2 3 (2048 14516 568 ) (2048 14516 1440 ) (1024 14516 1440 ) (1024 14516 568 ) 
4 3 18 (1024 14336 -192 ) (1024 14336 1440 ) (1024 14516 1440 ) (1024 14516 -192 ) 
4 3 4 (2048 14336 -192 ) (2048 14336 1440 ) (1024 14336 1440 ) (1024 14336 -192 ) 
4 4 25 (1024 13312 -192 ) (1024 13312 1440 ) (1024 14336 1440 ) (1024 14336 -192 ) 
4 4 5 (2048 13312 -192 ) (2048 13312 1440 ) (1024 13312 1440 ) (1024 13312 -192 ) 
4 5 27 (1024 12288 -192 ) (1024 12288 1440 ) (1024 13312 1440 ) (1024 13312 -192 ) 
4 5 8 (2048 12288 -192 ) (2048 12288 1440 ) (1024 12288 1440 ) (1024 12288 -192 ) 
4 6 10 (5120 9216 -896 ) (5120 9216 -384 ) (5120 10139 -384 ) (5120 10139 -896 ) 
4 6 7 (6056 9216 -384 ) (5120 9216 -384 ) (5120 9216 -896 ) (6056 9216 -896 ) 
4 7 11 (5120 8927 -384 ) (5120 9216 -384 ) (5120 9216 -896 ) (5120 8927 -896 ) 
4 8 63 (1024 11264 -192 ) (1024 11264 1440 ) (1024 12288 1440 ) (1024 12288 -192 ) 
4 8 9 (2048 11264 -192 ) (2048 11264 1440 ) (1024 11264 1440 ) (1024 11264 -192 ) 
4 9 65 (1024 10240 -192 ) (1024 10240 1440 ) (1024 11264 1440 ) (1024 11264 -192 ) 
4 9 12 (2048 10240 -192 ) (2048 10240 1440 ) (1024 10240 1440 ) (1024 10240 -192 ) 
4 10 11 (5120 9216 -896 ) (5120 9216 -384 ) (4904 9216 -384 ) (4904 9216 -896 ) 
4 12 71 (1024 9216 -192 ) (1024 9216 1440 ) (1024 10240 1440 ) (1024 10240 -192 ) 
4 12 13 (2048 9216 -192 ) (2048 9216 1440 ) (1024 9216 1440 ) (1024 9216 -192 ) 
4 13 73 (1024 8192 -192 ) (1024 8192 1440 ) (1024 9216 1440 ) (1024 9216 -192 ) 
4 13 15 (2048 8192 -192 ) (2048 8192 1440 ) (1024 8192 1440 ) (1024 8192 -192 ) 
4 14 228 (-6824 5324 -192 ) (-6824 6144 -192 ) (-6632 6144 -192 ) (-6632 5324 -192 ) 
4 14 228 (-7144 5324 -192 ) (-7144 5900 -192 ) (-6824 5900 -192 ) (-6824 5324 -192 ) 
4 15 186 (1024 7168 -192 ) (1024 7168 1440 ) (1024 8192 1440 ) (1024 8192 -192 ) 
4 15 16 (2048 7168 -192 ) (2048 7168 1440 ) (1024 7168 1440 ) (1024 7168 -192 ) 
4 16 188 (1024 6144 -192 ) (1024 6144 1440 ) (1024 7168 1440 ) (1024 7168 -192 ) 
4 16 14 (2048 6144 -192 ) (2048 6144 1440 ) (1024 6144 1440 ) (1024 6144 -192 ) 
4 17 19 (0 14532 1440 ) (0 14532 568 ) (0 14516 568 ) (0 14516 1440 ) 
4 17 18 (0 14516 1440 ) (0 14516 568 ) (1024 14516 568 ) (1024 14516 1440 ) 
4 18 25 (1024 14336 -192 ) (1024 14336 1440 ) (0 14336 1440 ) (0 14336 -192 ) 
4 18 20 (0 14336 -192 ) (0 14336 1440 ) (0 14516 1440 ) (0 14516 -192 ) 
4 19 21 (-1024 14532 1440 ) (-1024 14532 568 ) (-1024 14516 568 ) (-1024 14516 1440 ) 
4 19 20 (-1024 14516 1440 ) (-1024 14516 568 ) (0 14516 568 ) (0 14516 1440 ) 
4 20 26 (0 14336 -192 ) (0 14336 1440 ) (-1024 14336 1440 ) (-1024 14336 -192 ) 
4 20 22 (-1024 14336 -192 ) (-1024 14336 1440 ) (-1024 14516 1440 ) (-1024 14516 -192 ) 
4 21 23 (-2048 14532 1440 ) (-2048 14532 568 ) (-2048 14516 568 ) (-2048 14516 1440 ) 
4 21 22 (-2048 14516 1440 ) (-2048 14516 568 ) (-1024 14516 568 ) (-1024 14516 1440 ) 
4 22 29 (-1024 14336 -192 ) (-1024 14336 1440 ) (-2048 14336 1440 ) (-2048 14336 -192 ) 
4 22 24 (-2048 14336 -192 ) (-2048 14336 1440 ) (-2048 14516 1440 ) (-2048 14516 -192 ) 
4 23 33 (-3072 14532 1440 ) (-3072 14532 568 ) (-3072 14516 568 ) (-3072 14516 1440 ) 
4 23 24 (-3072 14516 1440 ) (-3072 14516 568 ) (-2048 14516 568 ) (-2048 14516 1440 ) 
4 24 34 (-3072 14336 -192 ) (-3072 14336 1440 ) (-3072 14516 1440 ) (-3072 14516 -192 ) 
4 24 30 (-2048 14336 -192 ) (-2048 14336 1440 ) (-3072 14336 1440 ) (-3072 14336 -192 ) 
4 25 27 (1024 13312 -192 ) (1024 13312 1440 ) (0 13312 1440 ) (0 13312 -192 ) 
4 25 26 (0 14336 1440 ) (0 14336 -192 ) (0 13312 -192 ) (0 13312 1440 ) 
4 26 29 (-1024 14336 1440 ) (-1024 14336 -192 ) (-1024 13312 -192 ) (-1024 13312 1440 ) 
4 26 28 (0 13312 -192 ) (0 13312 1440 ) (-1024 13312 1440 ) (-1024 13312 -192 ) 
4 27 63 (1024 12288 -192 ) (1024 12288 1440 ) (0 12288 1440 ) (0 12288 -192 ) 
4 27 28 (0 13312 1440 ) (0 13312 -192 ) (0 12288 -192 ) (0 12288 1440 ) 
4 28 64 (0 12288 -192 ) (0 12288 1440 ) (-1024 12288 1440 ) (-1024 12288 -192 ) 
4 28 31 (-1024 12288 -192 ) (-1024 12288 1440 ) (-1024 13312 1440 ) (-1024 13312 -192 ) 
4 29 31 (-1024 13312 -192 ) (-1024 13312 1440 ) (-2048 13312 1440 ) (-2048 13312 -192 ) 
4 29 30 (-2048 14336 1440 ) (-2048 14336 -192 ) (-2048 13312 -192 ) (-2048 13312 1440 ) 
4 30 46 (-3072 13312 -192 ) (-3072 13312 1440 ) (-3072 14336 1440 ) (-3072 14336 -192 ) 
4 30 32 (-2048 13312 -192 ) (-2048 13312 1440 ) (-3072 13312 1440 ) (-3072 13312 -192 ) 
4 31 67 (-1024 12288 -192 ) (-1024 12288 1440 ) (-2048 12288 1440 ) (-2048 12288 -192 ) 
4 31 32 (-2048 13312 1440 ) (-2048 13312 -192 ) (-2048 12288 -192 ) (-2048 12288 1440 ) 
4 32 68 (-2048 12288 -192 ) (-2048 12288 1440 ) (-3072 12288 1440 ) (-3072 12288 -192 ) 
4 32 48 (-3072 12288 -192 ) (-3072 12288 1440 ) (-3072 13312 1440 ) (-3072 13312 -192 ) 
4 33 35 (-4096 14516 568 ) (-4096 14516 1440 ) (-4096 14532 1440 ) (-4096 14532 568 ) 
4 33 34 (-3072 14516 568 ) (-3072 14516 1440 ) (-4096 14516 1440 ) (-4096 14516 568 ) 
4 34 46 (-3072 14336 -192 ) (-3072 14336 1440 ) (-4096 14336 1440 ) (-4096 14336 -192 ) 
4 34 36 (-4096 14336 -192 ) (-4096 14336 1440 ) (-4096 14516 1440 ) (-4096 14516 -192 ) 
4 35 37 (-5120 14516 568 ) (-5120 14516 1440 ) (-5120 14532 1440 ) (-5120 14532 568 ) 
4 35 36 (-5120 14516 1440 ) (-5120 14516 568 ) (-4096 14516 568 ) (-4096 14516 1440 ) 
4 36 47 (-4096 14336 -192 ) (-4096 14336 1440 ) (-5120 14336 1440 ) (-5120 14336 -192 ) 
4 36 38 (-5120 14336 -192 ) (-5120 14336 1440 ) (-5120 14516 1440 ) (-5120 14516 -192 ) 
4 37 39 (-6144 14516 568 ) (-6144 14516 1440 ) (-6144 14532 1440 ) (-6144 14532 568 ) 
4 37 38 (-5120 14516 568 ) (-5120 14516 1440 ) (-6144 14516 1440 ) (-6144 14516 568 ) 
4 38 50 (-5120 14336 -192 ) (-5120 14336 1440 ) (-6144 14336 1440 ) (-6144 14336 -192 ) 
4 38 43 (-6144 14336 -192 ) (-6144 14336 56 ) (-6144 14516 56 ) (-6144 14516 -192 ) 
4 38 42 (-6144 14336 56 ) (-6144 14336 152 ) (-6144 14516 152 ) (-6144 14516 56 ) 
4 38 40 (-6144 14336 152 ) (-6144 14336 1440 ) (-6144 14516 1440 ) (-6144 14516 152 ) 
4 39 40 (-6144 14516 568 ) (-6144 14516 1440 ) (-6824 14516 1440 ) (-6824 14516 568 ) 
4 40 51 (-6824 14336 152 ) (-6144 14336 152 ) (-6144 14336 1440 ) (-6824 14336 1440 ) 
4 40 42 (-6824 14516 152 ) (-6144 14516 152 ) (-6144 14336 152 ) (-6824 14336 152 ) 
4 40 41 (-6824 14516 1440 ) (-6824 14516 568 ) (-6824 14336 568 ) (-6824 14336 1440 ) 
4 41 229 (-7168 14336 568 ) (-7168 14336 1440 ) (-7168 14516 1440 ) (-7168 14516 568 ) 
4 41 53 (-7168 14336 1440 ) (-7168 14336 568 ) (-6840 14336 568 ) (-6840 14336 1440 ) 
4 41 52 (-6840 14336 568 ) (-6824 14336 568 ) (-6824 14336 1440 ) (-6840 14336 1440 ) 
4 42 54 (-6824 14336 56 ) (-6144 14336 56 ) (-6144 14336 152 ) (-6824 14336 152 ) 
4 42 43 (-6144 14336 56 ) (-6824 14336 56 ) (-6824 14516 56 ) (-6144 14516 56 ) 
4 43 54 (-6824 14336 -192 ) (-6144 14336 -192 ) (-6144 14336 56 ) (-6824 14336 56 ) 
4 43 45 (-6632 14336 -192 ) (-6824 14336 -192 ) (-6824 14516 -192 ) (-6632 14516 -192 ) 
4 43 44 (-6824 14516 -192 ) (-6824 14336 -192 ) (-6824 14336 56 ) (-6824 14516 56 ) 
4 44 55 (-7144 14336 -192 ) (-6824 14336 -192 ) (-6824 14336 56 ) (-7144 14336 56 ) 
4 44 45 (-6824 14336 -192 ) (-7144 14336 -192 ) (-7144 14516 -192 ) (-6824 14516 -192 ) 
4 45 57 (-6632 14336 -196 ) (-6632 14336 -192 ) (-7144 14336 -192 ) (-7144 14336 -196 ) 
4 46 48 (-3072 13312 -192 ) (-3072 13312 1440 ) (-4096 13312 1440 ) (-4096 13312 -192 ) 
4 46 47 (-4096 14336 1440 ) (-4096 14336 -192 ) (-4096 13312 -192 ) (-4096 13312 1440 ) 
4 47 50 (-5120 14336 1440 ) (-5120 14336 -192 ) (-5120 13312 -192 ) (-5120 13312 1440 ) 
4 47 49 (-4096 13312 -192 ) (-4096 13312 1440 ) (-5120 13312 1440 ) (-5120 13312 -192 ) 
4 48 81 (-3072 12288 -192 ) (-3072 12288 1440 ) (-4096 12288 1440 ) (-4096 12288 -192 ) 
4 48 49 (-4096 13312 1440 ) (-4096 13312 -192 ) (-4096 12288 -192 ) (-4096 12288 1440 ) 
4 49 82 (-4096 12288 -192 ) (-4096 12288 1440 ) (-5120 12288 1440 ) (-5120 12288 -192 ) 
4 49 58 (-5120 12288 -192 ) (-5120 12288 1440 ) (-5120 13312 1440 ) (-5120 13312 -192 ) 
4 50 58 (-5120 13312 -192 ) (-5120 13312 1440 ) (-6144 13312 1440 ) (-6144 13312 -192 ) 
4 50 54 (-6144 14336 152 ) (-6144 14336 -192 ) (-6144 13312 -192 ) (-6144 13312 152 ) 
4 50 51 (-6144 14336 1440 ) (-6144 14336 152 ) (-6144 13312 152 ) (-6144 13312 1440 ) 
4 51 59 (-6824 13312 152 ) (-6144 13312 152 ) (-6144 13312 1440 ) (-6824 13312 1440 ) 
4 51 54 (-6144 14336 152 ) (-6144 13312 152 ) (-6824 13312 152 ) (-6824 14336 152 ) 
4 51 52 (-6824 13312 568 ) (-6824 13312 1440 ) (-6824 14336 1440 ) (-6824 14336 568 ) 
4 52 60 (-6824 13312 568 ) (-6824 13312 1440 ) (-6840 13312 1440 ) (-6840 13312 568 ) 
4 52 53 (-6840 14336 1440 ) (-6840 14336 568 ) (-6840 13312 568 ) (-6840 13312 1440 ) 
4 53 232 (-7168 13312 568 ) (-7168 13312 1440 ) (-7168 14336 1440 ) (-7168 14336 568 ) 
4 53 60 (-7168 13312 1440 ) (-7168 13312 568 ) (-6840 13312 568 ) (-6840 13312 1440 ) 
4 54 59 (-6824 13312 -192 ) (-6144 13312 -192 ) (-6144 13312 152 ) (-6824 13312 152 ) 
4 54 57 (-6632 13312 -192 ) (-6824 13312 -192 ) (-6824 14336 -192 ) (-6632 14336 -192 ) 
4 54 55 (-6824 14336 -192 ) (-6824 13948 -192 ) (-6824 13948 56 ) (-6824 14336 56 ) 
4 54 56 (-6824 13596 -192 ) (-6824 13312 -192 ) (-6824 13312 56 ) (-6824 13596 56 ) 
4 55 57 (-7144 13948 -192 ) (-7144 14336 -192 ) (-6824 14336 -192 ) (-6824 13948 -192 ) 
4 56 61 (-7144 13312 -192 ) (-6824 13312 -192 ) (-6824 13312 56 ) (-7144 13312 56 ) 
4 56 57 (-6824 13312 -192 ) (-7144 13312 -192 ) (-7144 13596 -192 ) (-6824 13596 -192 ) 
4 57 62 (-6632 13312 -196 ) (-6632 13312 -192 ) (-7144 13312 -192 ) (-7144 13312 -196 ) 
4 58 88 (-5488 12288 -140.637085 ) (-5488 12288 -192 ) (-5464 12288 -192 ) (-5464 12288 -140.637085 ) 
4 58 86 (-5464 12288 1440 ) (-5488 12288 1440 ) (-5488 12288 -140.637085 ) (-5464 12288 -140.637085 ) 
4 58 85 (-5120 12288 -192 ) (-5120 12288 1440 ) (-5464 12288 1440 ) (-5464 12288 -192 ) 
4 58 91 (-5488 12288 1440 ) (-6144 12288 1440 ) (-6144 12288 -192 ) (-5488 12288 -192 ) 
4 58 59 (-6144 13312 1440 ) (-6144 13312 -192 ) (-6144 12288 -192 ) (-6144 12288 1440 ) 
4 59 99 (-6824 12288 -192 ) (-6144 12288 -192 ) (-6144 12288 56 ) (-6824 12288 56 ) 
4 59 98 (-6144 12288 56 ) (-6144 12288 152 ) (-6824 12288 152 ) (-6824 12288 56 ) 
4 59 95 (-6144 12288 152 ) (-6144 12288 1440 ) (-6824 12288 1440 ) (-6824 12288 152 ) 
4 59 62 (-6632 12288 -192 ) (-6824 12288 -192 ) (-6824 13312 -192 ) (-6632 13312 -192 ) 
4 59 61 (-6824 13312 56 ) (-6824 13312 -192 ) (-6824 12288 -192 ) (-6824 12288 56 ) 
4 59 60 (-6824 13312 1440 ) (-6824 13312 568 ) (-6824 12288 568 ) (-6824 12288 1440 ) 
4 60 235 (-7168 12288 568 ) (-7168 12288 1440 ) (-7168 13312 1440 ) (-7168 13312 568 ) 
4 60 96 (-7168 12288 1440 ) (-7168 12288 568 ) (-6824 12288 568 ) (-6824 12288 1440 ) 
4 61 100 (-7144 12288 -192 ) (-6824 12288 -192 ) (-6824 12288 56 ) (-7144 12288 56 ) 
4 61 62 (-6824 12288 -192 ) (-7144 12288 -192 ) (-7144 13312 -192 ) (-6824 13312 -192 ) 
4 62 106 (-6632 12288 -196 ) (-6632 12288 -192 ) (-7144 12288 -192 ) (-7144 12288 -196 ) 
4 63 65 (1024 11264 -192 ) (1024 11264 1440 ) (0 11264 1440 ) (0 11264 -192 ) 
4 63 64 (0 12288 1440 ) (0 12288 -192 ) (0 11264 -192 ) (0 11264 1440 ) 
4 64 67 (-1024 12288 1440 ) (-1024 12288 -192 ) (-1024 11264 -192 ) (-1024 11264 1440 ) 
4 64 66 (0 11264 -192 ) (0 11264 1440 ) (-1024 11264 1440 ) (-1024 11264 -192 ) 
4 65 71 (1024 10240 -192 ) (1024 10240 1440 ) (0 10240 1440 ) (0 10240 -192 ) 
4 65 66 (0 11264 1440 ) (0 11264 -192 ) (0 10240 -192 ) (0 10240 1440 ) 
4 66 72 (0 10240 -192 ) (0 10240 1440 ) (-1024 10240 1440 ) (-1024 10240 -192 ) 
4 66 69 (-1024 10240 -192 ) (-1024 10240 1440 ) (-1024 11264 1440 ) (-1024 11264 -192 ) 
4 67 69 (-1024 11264 -192 ) (-1024 11264 1440 ) (-2048 11264 1440 ) (-2048 11264 -192 ) 
4 67 68 (-2048 12288 1440 ) (-2048 12288 -192 ) (-2048 11264 -192 ) (-2048 11264 1440 ) 
4 68 81 (-3072 12288 1440 ) (-3072 12288 -192 ) (-3072 11264 -192 ) (-3072 11264 1440 ) 
4 68 70 (-2048 11264 -192 ) (-2048 11264 1440 ) (-3072 11264 1440 ) (-3072 11264 -192 ) 
4 69 75 (-1024 10240 -192 ) (-1024 10240 1440 ) (-2048 10240 1440 ) (-2048 10240 -192 ) 
4 69 70 (-2048 11264 1440 ) (-2048 11264 -192 ) (-2048 10240 -192 ) (-2048 10240 1440 ) 
4 70 83 (-3072 10240 -192 ) (-3072 10240 1440 ) (-3072 11264 1440 ) (-3072 11264 -192 ) 
4 70 76 (-2048 10240 -192 ) (-2048 10240 1440 ) (-3072 10240 1440 ) (-3072 10240 -192 ) 
4 71 73 (1024 9216 -192 ) (1024 9216 1440 ) (0 9216 1440 ) (0 9216 -192 ) 
4 71 72 (0 10240 1440 ) (0 10240 -192 ) (0 9216 -192 ) (0 9216 1440 ) 
4 72 75 (-1024 10240 1440 ) (-1024 10240 -192 ) (-1024 9216 -192 ) (-1024 9216 1440 ) 
4 72 74 (0 9216 -192 ) (0 9216 1440 ) (-1024 9216 1440 ) (-1024 9216 -192 ) 
4 73 186 (1024 8192 -192 ) (1024 8192 1440 ) (0 8192 1440 ) (0 8192 -192 ) 
4 73 74 (0 9216 1440 ) (0 9216 -192 ) (0 8192 -192 ) (0 8192 1440 ) 
4 74 187 (0 8192 -192 ) (0 8192 1440 ) (-1024 8192 1440 ) (-1024 8192 -192 ) 
4 74 78 (-1024 8192 -192 ) (-1024 8192 1440 ) (-1024 9216 1440 ) (-1024 9216 -192 ) 
4 75 78 (-1024 9216 -192 ) (-1024 9216 1440 ) (-2048 9216 1440 ) (-2048 9216 -192 ) 
4 75 77 (-2048 9932 -192 ) (-2048 9216 -192 ) (-2048 9216 1440 ) (-2048 9932 1440 ) 
4 75 76 (-2048 10240 1440 ) (-2048 10240 -192 ) (-2048 9932 -192 ) (-2048 9932 1440 ) 
4 76 126 (-3072 10060 -192 ) (-3072 9932 -192 ) (-3072 9932 1440 ) (-3072 10060 1440 ) 
4 76 125 (-3072 10240 1440 ) (-3072 10240 -192 ) (-3072 10060 -192 ) (-3072 10060 1440 ) 
4 76 77 (-3072 9932 -192 ) (-2048 9932 -192 ) (-2048 9932 1440 ) (-3072 9932 1440 ) 
4 77 126 (-3072 9216 -192 ) (-3072 9216 1440 ) (-3072 9932 1440 ) (-3072 9932 -192 ) 
4 77 79 (-2048 9216 -192 ) (-2048 9216 1440 ) (-3072 9216 1440 ) (-3072 9216 -192 ) 
4 78 190 (-1024 8192 -192 ) (-1024 8192 1440 ) (-2048 8192 1440 ) (-2048 8192 -192 ) 
4 78 80 (-2048 8268 -192 ) (-2048 8192 -192 ) (-2048 8192 1440 ) (-2048 8268 1440 ) 
4 78 79 (-2048 9216 1440 ) (-2048 9216 -192 ) (-2048 8268 -192 ) (-2048 8268 1440 ) 
4 79 131 (-3072 9216 1440 ) (-3072 9216 -192 ) (-3072 8268 -192 ) (-3072 8268 1440 ) 
4 79 80 (-3072 8268 1440 ) (-3072 8268 -192 ) (-2048 8268 -192 ) (-2048 8268 1440 ) 
4 80 191 (-2048 8192 -192 ) (-2048 8192 1440 ) (-3072 8192 1440 ) (-3072 8192 -192 ) 
4 80 132 (-3072 8192 -192 ) (-3072 8192 1440 ) (-3072 8268 1440 ) (-3072 8268 -192 ) 
4 81 83 (-3072 11264 -192 ) (-3072 11264 1440 ) (-4096 11264 1440 ) (-4096 11264 -192 ) 
4 81 82 (-4096 12288 1440 ) (-4096 12288 -192 ) (-4096 11264 -192 ) (-4096 11264 1440 ) 
4 82 92 (-5120 11276 -192 ) (-5120 11264 -192 ) (-5120 11264 1440 ) (-5120 11276 1440 ) 
4 82 85 (-5120 12288 1440 ) (-5120 12288 -192 ) (-5120 11276 -192 ) (-5120 11276 1440 ) 
4 82 84 (-4096 11264 -192 ) (-4096 11264 1440 ) (-5120 11264 1440 ) (-5120 11264 -192 ) 
4 83 125 (-3072 10240 -192 ) (-3072 10240 1440 ) (-4096 10240 1440 ) (-4096 10240 -192 ) 
4 83 84 (-4096 11264 1440 ) (-4096 11264 -192 ) (-4096 10240 -192 ) (-4096 10240 1440 ) 
4 84 127 (-4096 10240 -192 ) (-4096 10240 1440 ) (-5120 10240 1440 ) (-5120 10240 -192 ) 
4 84 107 (-5120 10240 -192 ) (-5120 10240 1440 ) (-5120 11264 1440 ) (-5120 11264 -192 ) 
4 85 92 (-5120 11276 -192 ) (-5120 11276 1440 ) (-5464 11276 1440 ) (-5464 11276 -192 ) 
4 85 90 (-5464 11612.900391 -83.644829 ) (-5464 11612 -83.386078 ) (-5464 11646.099609 43.791687 ) (-5464 11647 43.533028 ) 
4 85 89 (-5464 11612 -83.386078 ) (-5464 11276 13.189407 ) (-5464 11276 150.127563 ) (-5464 11646.099609 43.791687 ) 
5 85 88 (-5464 12288 -192 ) (-5464 11989.883789 -192 ) (-5464 11612.900391 -83.644829 ) (-5464 11647 43.533028 ) (-5464 12288 -140.637085 ) 
3 85 87 (-5464 11989.883789 -192 ) (-5464 11276 -192 ) (-5464 11276 13.189407 ) 
4 85 86 (-5464 11276 150.127563 ) (-5464 11276 1440 ) (-5464 12288 1440 ) (-5464 12288 -140.637085 ) 
4 86 92 (-5464 11276 1440 ) (-5488 11276 1440 ) (-5488 11276 150.127563 ) (-5464 11276 150.127563 ) 
4 86 90 (-5488 11646.098633 43.790932 ) (-5488 11647 43.532005 ) (-5464 11647 43.532639 ) (-5464 11646.099609 43.791294 ) 
4 86 89 (-5488 11276 150.126587 ) (-5488 11646.098633 43.790932 ) (-5464 11646.099609 43.791294 ) (-5464 11276 150.127258 ) 
4 86 88 (-5488 11647 43.532005 ) (-5488 12288 -140.638184 ) (-5464 12288 -140.637589 ) (-5464 11647 43.532639 ) 
4 86 91 (-5488 11276 150.127563 ) (-5488 11276 1440 ) (-5488 12288 1440 ) (-5488 12288 -140.637085 ) 
4 87 92 (-5488 11276 13.189407 ) (-5488 11276 -192 ) (-5464 11276 -192 ) (-5464 11276 13.189407 ) 
4 87 90 (-5488 11612.900391 -83.645012 ) (-5488 11612 -83.386261 ) (-5464 11612 -83.386238 ) (-5464 11612.900391 -83.644989 ) 
4 87 89 (-5488 11612 -83.386261 ) (-5488 11276 13.189285 ) (-5464 11276 13.189331 ) (-5464 11612 -83.386238 ) 
4 87 88 (-5488 11989.882813 -192 ) (-5488 11612.900391 -83.645012 ) (-5464 11612.900391 -83.644989 ) (-5464 11989.882813 -192 ) 
3 87 91 (-5488 11989.883789 -192 ) (-5488 11276 -192 ) (-5488 11276 13.189407 ) 
4 88 90 (-5488 11612.899414 -83.646324 ) (-5464 11612.899414 -83.646324 ) (-5464 11647 43.532166 ) (-5488 11647 43.532166 ) 
5 88 91 (-5488 12288 -192 ) (-5488 11989.883789 -192 ) (-5488 11612.900391 -83.644829 ) (-5488 11647 43.533028 ) (-5488 12288 -140.637085 ) 
4 89 92 (-5488 11276 150.127563 ) (-5488 11276 13.189407 ) (-5464 11276 13.189407 ) (-5464 11276 150.127563 ) 
4 89 91 (-5488 11612 -83.386078 ) (-5488 11276 13.189407 ) (-5488 11276 150.127563 ) (-5488 11646.099609 43.791687 ) 
4 89 90 (-5464 11612 -83.387047 ) (-5488 11612 -83.387047 ) (-5488 11646.099609 43.790398 ) (-5464 11646.099609 43.790398 ) 
4 90 91 (-5488 11612.900391 -83.644829 ) (-5488 11612 -83.386078 ) (-5488 11646.099609 43.791687 ) (-5488 11647 43.533028 ) 
4 91 99 (-6144 12288 56 ) (-6144 12288 -192 ) (-6144 11276 -192 ) (-6144 11276 56 ) 
4 91 98 (-6144 12288 152 ) (-6144 12288 56 ) (-6144 11276 56 ) (-6144 11276 152 ) 
4 91 95 (-6144 12288 1440 ) (-6144 12288 152 ) (-6144 11276 152 ) (-6144 11276 1440 ) 
4 91 92 (-5488 11276 1440 ) (-6144 11276 1440 ) (-6144 11276 -192 ) (-5488 11276 -192 ) 
4 92 107 (-5120 11264 -192 ) (-5120 11264 1440 ) (-6144 11264 1440 ) (-6144 11264 -192 ) 
4 92 99 (-6144 11264 -192 ) (-6144 11264 56 ) (-6144 11276 56 ) (-6144 11276 -192 ) 
4 92 98 (-6144 11264 56 ) (-6144 11264 152 ) (-6144 11276 152 ) (-6144 11276 56 ) 
4 92 95 (-6144 11264 152 ) (-6144 11264 1440 ) (-6144 11276 1440 ) (-6144 11276 152 ) 
4 92 93 (-5200 11264 -192 ) (-6144 11264 -192 ) (-6144 11276 -192 ) (-5200 11276 -192 ) 
4 93 108 (-5200 11264 -192 ) (-6144 11264 -192 ) (-6144 11264 -200 ) (-5200 11264 -200 ) 
4 93 105 (-6144 11264 -200 ) (-6144 11264 -192 ) (-6144 11276 -192 ) (-6144 11276 -200 ) 
4 93 94 (-6144 11264 -200 ) (-6144 11276 -200 ) (-5208 11276 -200 ) (-5208 11264 -200 ) 
4 94 109 (-5208 11264 -200 ) (-6144 11264 -200 ) (-6144 11264 -338 ) (-5208 11264 -338 ) 
4 94 105 (-6144 11264 -338 ) (-6144 11264 -200 ) (-6144 11276 -200 ) (-6144 11276 -338 ) 
4 95 110 (-6824 11264 152 ) (-6144 11264 152 ) (-6144 11264 1440 ) (-6824 11264 1440 ) 
4 95 98 (-6144 12288 152 ) (-6144 11264 152 ) (-6824 11264 152 ) (-6824 12288 152 ) 
4 95 97 (-6824 12102 152 ) (-6824 12036 152 ) (-6824 12036 262 ) (-6824 12102 262 ) 
4 95 96 (-6824 12288 1440 ) (-6824 12288 568 ) (-6824 11264 568 ) (-6824 11264 1440 ) 
4 96 238 (-7168 11264 568 ) (-7168 11264 1440 ) (-7168 12288 1440 ) (-7168 12288 568 ) 
4 96 111 (-7168 11264 1440 ) (-7168 11264 568 ) (-6824 11264 568 ) (-6824 11264 1440 ) 
4 98 110 (-6824 11264 56 ) (-6144 11264 56 ) (-6144 11264 152 ) (-6824 11264 152 ) 
4 98 99 (-6144 12288 56 ) (-6144 11264 56 ) (-6824 11264 56 ) (-6824 12288 56 ) 
4 99 110 (-6824 11264 -192 ) (-6144 11264 -192 ) (-6144 11264 56 ) (-6824 11264 56 ) 
4 99 106 (-6632 11264 -192 ) (-6824 11264 -192 ) (-6824 12288 -192 ) (-6632 12288 -192 ) 
4 99 105 (-6144 11264 -192 ) (-6568 11264 -192 ) (-6568 11276 -192 ) (-6144 11276 -192 ) 
4 99 100 (-6824 12288 -192 ) (-6824 12220 -192 ) (-6824 12220 56 ) (-6824 12288 56 ) 
4 99 101 (-6824 11868 -192 ) (-6824 11264 -192 ) (-6824 11264 56 ) (-6824 11868 56 ) 
4 100 106 (-7144 12220 -192 ) (-7144 12288 -192 ) (-6824 12288 -192 ) (-6824 12220 -192 ) 
4 101 112 (-7144 11264 -192 ) (-6824 11264 -192 ) (-6824 11264 56 ) (-7144 11264 56 ) 
4 101 106 (-6824 11264 -192 ) (-7144 11264 -192 ) (-7144 11868 -192 ) (-6824 11868 -192 ) 
4 101 102 (-7144 11404 -192 ) (-7144 11264 -192 ) (-7144 11264 56 ) (-7144 11404 56 ) 
4 102 113 (-7160 11264 -192 ) (-7144 11264 -192 ) (-7144 11264 56 ) (-7160 11264 56 ) 
4 103 104 (-7164 11532 56 ) (-7164 11532 -192 ) (-7164 11436 -192 ) (-7164 11436 56 ) 
4 104 240 (-7168 11264 -192 ) (-7168 11264 56 ) (-7168 11532 56 ) (-7168 11532 -192 ) 
4 104 114 (-7168 11264 56 ) (-7168 11264 -192 ) (-7164 11264 -192 ) (-7164 11264 56 ) 
4 105 124 (-6144 11264 -338 ) (-6144 11264 -200 ) (-6568 11264 -200 ) (-6568 11264 -338 ) 
4 105 122 (-6144 11264 -200 ) (-6144 11264 -192 ) (-6568 11264 -192 ) (-6568 11264 -200 ) 
4 106 123 (-6632 11264 -196 ) (-6632 11264 -192 ) (-7144 11264 -192 ) (-7144 11264 -196 ) 
4 107 136 (-5120 10240 -192 ) (-5120 10240 1440 ) (-6144 10240 1440 ) (-6144 10240 -192 ) 
4 107 110 (-6144 11264 1440 ) (-6144 11264 -192 ) (-6144 10240 -192 ) (-6144 10240 1440 ) 
4 107 108 (-6144 10572 -192 ) (-6144 11264 -192 ) (-5200 11264 -192 ) (-5200 10572 -192 ) 
4 108 122 (-6144 11264 -192 ) (-6144 11264 -200 ) (-6144 10572 -200 ) (-6144 10572 -192 ) 
4 108 109 (-6144 11264 -200 ) (-5208 11264 -200 ) (-5208 10572 -200 ) (-6144 10572 -200 ) 
4 109 124 (-6144 11264 -200 ) (-6144 11264 -338 ) (-6144 10452 -338 ) (-6144 10452 -200 ) 
4 110 150 (-6824 10240 -192 ) (-6144 10240 -192 ) (-6144 10240 56 ) (-6824 10240 56 ) 
4 110 148 (-6144 10240 56 ) (-6144 10240 152 ) (-6824 10240 152 ) (-6824 10240 56 ) 
4 110 145 (-6144 10240 152 ) (-6144 10240 396 ) (-6824 10240 396 ) (-6824 10240 152 ) 
4 110 141 (-6144 10240 396 ) (-6144 10240 1440 ) (-6824 10240 1440 ) (-6824 10240 396 ) 
4 110 123 (-6632 10240 -192 ) (-6824 10240 -192 ) (-6824 11264 -192 ) (-6632 11264 -192 ) 
4 110 122 (-6144 11264 -192 ) (-6144 10572 -192 ) (-6568 10572 -192 ) (-6568 11264 -192 ) 
4 110 112 (-6824 11264 56 ) (-6824 11264 -192 ) (-6824 10492 -192 ) (-6824 10492 56 ) 
4 110 111 (-6824 11264 1440 ) (-6824 11264 568 ) (-6824 10240 568 ) (-6824 10240 1440 ) 
4 111 242 (-7168 10240 568 ) (-7168 10240 1440 ) (-7168 11264 1440 ) (-7168 11264 568 ) 
4 111 142 (-7168 10240 1440 ) (-7168 10240 568 ) (-6824 10240 568 ) (-6824 10240 1440 ) 
4 112 123 (-7144 10492 -192 ) (-7144 11264 -192 ) (-6824 11264 -192 ) (-6824 10492 -192 ) 
4 112 113 (-7144 11264 -192 ) (-7144 10860 -192 ) (-7144 10860 56 ) (-7144 11264 56 ) 
4 113 115 (-7160 11116 -192 ) (-7160 10924 -192 ) (-7160 10924 56 ) (-7160 11116 56 ) 
4 114 244 (-7168 11116 56 ) (-7168 11264 56 ) (-7168 11264 -192 ) (-7168 11116 -192 ) 
4 114 117 (-7168 11116 -192 ) (-7164 11116 -192 ) (-7164 11116 56 ) (-7168 11116 56 ) 
4 115 116 (-7163 11116 56 ) (-7163 11116 -192 ) (-7163 10924 -192 ) (-7163 10924 56 ) 
4 116 117 (-7164 11116 56 ) (-7164 11116 -192 ) (-7164 10924 -192 ) (-7164 10924 56 ) 
4 117 244 (-7168 10924 56 ) (-7168 11116 56 ) (-7168 11116 -192 ) (-7168 10924 -192 ) 
4 117 118 (-7168 10924 -192 ) (-7164 10924 -192 ) (-7164 10924 56 ) (-7168 10924 56 ) 
4 118 244 (-7168 10604 56 ) (-7168 10924 56 ) (-7168 10924 -192 ) (-7168 10604 -192 ) 
4 118 119 (-7168 10604 -192 ) (-7164 10604 -192 ) (-7164 10604 56 ) (-7168 10604 56 ) 
4 119 244 (-7168 10492 56 ) (-7168 10604 56 ) (-7168 10604 -192 ) (-7168 10492 -192 ) 
4 120 121 (-7164 10476 56 ) (-7164 10476 -192 ) (-7164 10324 -192 ) (-7164 10324 56 ) 
4 121 245 (-7168 10240 -192 ) (-7168 10240 56 ) (-7168 10476 56 ) (-7168 10476 -192 ) 
4 121 156 (-7168 10240 56 ) (-7168 10240 -192 ) (-7164 10240 -192 ) (-7164 10240 56 ) 
4 122 124 (-6568 10572 -200 ) (-6568 11264 -200 ) (-6144 11264 -200 ) (-6144 10572 -200 ) 
4 123 157 (-6632 10240 -196 ) (-6632 10240 -192 ) (-7144 10240 -192 ) (-7144 10240 -196 ) 
4 125 127 (-4096 10240 1440 ) (-4096 10240 -192 ) (-4096 10060 -192 ) (-4096 10060 1440 ) 
4 125 126 (-3072 10060 1440 ) (-4096 10060 1440 ) (-4096 10060 -192 ) (-3072 10060 -192 ) 
4 126 131 (-3072 9216 -192 ) (-3072 9216 1440 ) (-4096 9216 1440 ) (-4096 9216 -192 ) 
4 126 128 (-4096 9216 -192 ) (-4096 9216 1440 ) (-4096 9932 1440 ) (-4096 9932 -192 ) 
4 126 127 (-4096 9932 1440 ) (-4096 10060 1440 ) (-4096 10060 -192 ) (-4096 9932 -192 ) 
4 127 136 (-5120 10240 1440 ) (-5120 10240 -192 ) (-5120 9932 -192 ) (-5120 9932 1440 ) 
4 127 129 (-5120 9932 -192 ) (-5120 10060 -192 ) (-4624 10060 -192 ) (-4624 9932 -192 ) 
4 127 128 (-5120 9932 -192 ) (-4096 9932 -192 ) (-4096 9932 1440 ) (-5120 9932 1440 ) 
4 128 137 (-5120 9932 -192 ) (-5120 9216 -192 ) (-5120 9216 1440 ) (-5120 9932 1440 ) 
4 128 133 (-4096 9216 -192 ) (-4096 9216 1440 ) (-5120 9216 1440 ) (-5120 9216 -192 ) 
4 128 129 (-5120 9260 -192 ) (-5120 9932 -192 ) (-4624 9932 -192 ) (-4624 9260 -192 ) 
4 129 138 (-5120 10060 -200 ) (-5120 9260 -200 ) (-5120 9260 -192 ) (-5120 10060 -192 ) 
4 129 130 (-4624 10060 -200 ) (-4624 9260 -200 ) (-5120 9260 -200 ) (-5120 10060 -200 ) 
4 130 139 (-5120 9216 -337 ) (-5120 9216 -200 ) (-5120 10172 -200 ) (-5120 10172 -337 ) 
4 130 135 (-4624 9216 -337 ) (-4624 9216 -200 ) (-5120 9216 -200 ) (-5120 9216 -337 ) 
4 131 133 (-4096 9216 1440 ) (-4096 9216 -192 ) (-4096 8268 -192 ) (-4096 8268 1440 ) 
4 131 132 (-4096 8268 1440 ) (-4096 8268 -192 ) (-3072 8268 -192 ) (-3072 8268 1440 ) 
4 132 194 (-3072 8192 -192 ) (-3072 8192 1440 ) (-4096 8192 1440 ) (-4096 8192 -192 ) 
4 132 134 (-4096 8268 -192 ) (-4096 8192 -192 ) (-4096 8192 1440 ) (-4096 8268 1440 ) 
4 133 158 (-5120 9216 1440 ) (-5120 9216 -192 ) (-5120 8268 -192 ) (-5120 8268 1440 ) 
4 133 134 (-5120 8268 -192 ) (-4096 8268 -192 ) (-4096 8268 1440 ) (-5120 8268 1440 ) 
4 134 195 (-4096 8192 -192 ) (-4096 8192 1440 ) (-5120 8192 1440 ) (-5120 8192 -192 ) 
4 134 159 (-5120 8192 -192 ) (-5120 8192 1440 ) (-5120 8268 1440 ) (-5120 8268 -192 ) 
4 135 160 (-5120 9180 -337 ) (-5120 9180 -200 ) (-5120 9216 -200 ) (-5120 9216 -337 ) 
4 136 150 (-6144 10240 56 ) (-6144 10240 -192 ) (-6144 9932 -192 ) (-6144 9932 56 ) 
4 136 148 (-6144 10240 152 ) (-6144 10240 56 ) (-6144 9932 56 ) (-6144 9932 152 ) 
4 136 145 (-6144 10240 396 ) (-6144 10240 152 ) (-6144 9932 152 ) (-6144 9932 396 ) 
4 136 141 (-6144 10240 1440 ) (-6144 10240 396 ) (-6144 9932 396 ) (-6144 9932 1440 ) 
4 136 138 (-5392 10060 -192 ) (-5120 10060 -192 ) (-5120 9932 -192 ) (-5392 9932 -192 ) 
4 136 137 (-6144 9932 -192 ) (-5120 9932 -192 ) (-5120 9932 1440 ) (-6144 9932 1440 ) 
4 137 158 (-5120 9216 -192 ) (-5120 9216 1440 ) (-6144 9216 1440 ) (-6144 9216 -192 ) 
4 137 150 (-6144 9932 -192 ) (-6144 9216 -192 ) (-6144 9216 56 ) (-6144 9932 56 ) 
4 137 148 (-6144 9216 56 ) (-6144 9216 152 ) (-6144 9932 152 ) (-6144 9932 56 ) 
4 137 145 (-6144 9216 152 ) (-6144 9216 396 ) (-6144 9932 396 ) (-6144 9932 152 ) 
4 137 141 (-6144 9216 396 ) (-6144 9216 1440 ) (-6144 9932 1440 ) (-6144 9932 396 ) 
4 137 138 (-5392 9932 -192 ) (-5120 9932 -192 ) (-5120 9260 -192 ) (-5392 9260 -192 ) 
4 138 139 (-5392 9260 -200 ) (-5392 10060 -200 ) (-5120 10060 -200 ) (-5120 9260 -200 ) 
4 139 160 (-5120 9216 -337 ) (-5120 9216 -200 ) (-5456 9216 -200 ) (-5456 9216 -337 ) 
4 140 248 (-7168 9216 1440 ) (-7168 9216 3959 ) (-7168 9932 3959 ) (-7168 9932 1440 ) 
4 140 161 (-7168 9216 3959 ) (-7168 9216 1440 ) (-6928 9216 1440 ) (-6928 9216 3959 ) 
4 140 144 (-7144 9216 1440 ) (-7168 9216 1440 ) (-7168 9572 1440 ) (-7144 9572 1440 ) 
4 140 143 (-6928 9216 1440 ) (-7144 9216 1440 ) (-7144 9572 1440 ) (-6928 9572 1440 ) 
4 140 142 (-7168 9572 1440 ) (-7168 9932 1440 ) (-6928 9932 1440 ) (-6928 9572 1440 ) 
4 141 162 (-6824 9216 396 ) (-6144 9216 396 ) (-6144 9216 1440 ) (-6824 9216 1440 ) 
4 141 145 (-6144 9216 396 ) (-6824 9216 396 ) (-6824 10240 396 ) (-6144 10240 396 ) 
4 141 143 (-6824 9572 396 ) (-6824 9216 396 ) (-6824 9216 1440 ) (-6824 9572 1440 ) 
4 141 142 (-6824 9572 568 ) (-6824 9572 1440 ) (-6824 10240 1440 ) (-6824 10240 568 ) 
4 142 250 (-7168 9932 640 ) (-7168 9932 568 ) (-7168 9572 568 ) (-7168 9572 640 ) 
4 142 249 (-7168 9572 1440 ) (-7168 9932 1440 ) (-7168 9932 640 ) (-7168 9572 640 ) 
4 142 247 (-7168 9932 1440 ) (-7168 10240 1440 ) (-7168 10240 568 ) (-7168 9932 568 ) 
4 142 144 (-7144 9572 1440 ) (-7168 9572 1440 ) (-7168 9572 640 ) (-7144 9572 640 ) 
4 142 143 (-6824 9572 568 ) (-6824 9572 1440 ) (-7144 9572 1440 ) (-7144 9572 568 ) 
4 143 163 (-7144 9216 396 ) (-6824 9216 396 ) (-6824 9216 1440 ) (-7144 9216 1440 ) 
4 143 146 (-6824 9216 396 ) (-7144 9216 396 ) (-7144 9572 396 ) (-6824 9572 396 ) 
4 143 144 (-7144 9572 1440 ) (-7144 9572 640 ) (-7144 9216 640 ) (-7144 9216 1440 ) 
4 144 249 (-7168 9216 640 ) (-7168 9216 1440 ) (-7168 9572 1440 ) (-7168 9572 640 ) 
4 144 164 (-7168 9216 1440 ) (-7168 9216 640 ) (-7144 9216 640 ) (-7144 9216 1440 ) 
4 145 166 (-6824 9216 152 ) (-6144 9216 152 ) (-6144 9216 396 ) (-6824 9216 396 ) 
4 145 148 (-6144 9216 152 ) (-6824 9216 152 ) (-6824 10240 152 ) (-6144 10240 152 ) 
4 145 146 (-6824 9572 152 ) (-6824 9216 152 ) (-6824 9216 396 ) (-6824 9572 396 ) 
4 146 167 (-7144 9216 152 ) (-6824 9216 152 ) (-6824 9216 396 ) (-7144 9216 396 ) 
4 146 149 (-6824 9216 152 ) (-7144 9216 152 ) (-7144 9572 152 ) (-6824 9572 152 ) 
4 146 147 (-7144 9292 152 ) (-7144 9216 152 ) (-7144 9216 396 ) (-7144 9292 396 ) 
4 147 168 (-7160 9216 152 ) (-7144 9216 152 ) (-7144 9216 396 ) (-7160 9216 396 ) 
4 148 169 (-6824 9216 56 ) (-6144 9216 56 ) (-6144 9216 152 ) (-6824 9216 152 ) 
4 148 150 (-6144 10240 56 ) (-6144 9216 56 ) (-6824 9216 56 ) (-6824 10240 56 ) 
4 148 149 (-6824 9572 56 ) (-6824 9216 56 ) (-6824 9216 152 ) (-6824 9572 152 ) 
4 149 170 (-7144 9216 56 ) (-6824 9216 56 ) (-6824 9216 152 ) (-7144 9216 152 ) 
4 149 152 (-6824 9216 56 ) (-7144 9216 56 ) (-7144 9572 56 ) (-6824 9572 56 ) 
4 150 171 (-6824 9216 -192 ) (-6144 9216 -192 ) (-6144 9216 56 ) (-6824 9216 56 ) 
4 150 157 (-6632 9216 -192 ) (-6824 9216 -192 ) (-6824 10240 -192 ) (-6632 10240 -192 ) 
4 150 151 (-6824 10140 -192 ) (-6824 9572 -192 ) (-6824 9572 56 ) (-6824 10140 56 ) 
4 150 152 (-6824 9572 -192 ) (-6824 9216 -192 ) (-6824 9216 56 ) (-6824 9572 56 ) 
4 151 157 (-7144 9572 -192 ) (-7144 10140 -192 ) (-6824 10140 -192 ) (-6824 9572 -192 ) 
4 151 153 (-7144 10060 -192 ) (-7144 9644 -192 ) (-7144 9644 56 ) (-7144 10060 56 ) 
4 151 152 (-7144 9572 56 ) (-7144 9572 -192 ) (-6824 9572 -192 ) (-6824 9572 56 ) 
4 152 172 (-7144 9216 -192 ) (-6824 9216 -192 ) (-6824 9216 56 ) (-7144 9216 56 ) 
4 152 157 (-6824 9216 -192 ) (-7144 9216 -192 ) (-7144 9572 -192 ) (-6824 9572 -192 ) 
4 153 154 (-7160 10004 -192 ) (-7160 9812 -192 ) (-7160 9812 56 ) (-7160 10004 56 ) 
4 154 155 (-7163 10004 56 ) (-7163 10004 -192 ) (-7163 9812 -192 ) (-7163 9812 56 ) 
4 155 156 (-7164 10004 -192 ) (-7164 9812 -192 ) (-7164 9812 56 ) (-7164 10004 56 ) 
4 156 254 (-7168 9500 56 ) (-7168 10240 56 ) (-7168 10240 -192 ) (-7168 9500 -192 ) 
4 157 185 (-6632 9216 -196 ) (-6632 9216 -192 ) (-7144 9216 -192 ) (-7144 9216 -196 ) 
4 158 171 (-6144 9216 56 ) (-6144 9216 -192 ) (-6144 8268 -192 ) (-6144 8268 56 ) 
4 158 169 (-6144 9216 152 ) (-6144 9216 56 ) (-6144 8268 56 ) (-6144 8268 152 ) 
4 158 166 (-6144 9216 396 ) (-6144 9216 152 ) (-6144 8268 152 ) (-6144 8268 396 ) 
4 158 162 (-6144 9216 1440 ) (-6144 9216 396 ) (-6144 8268 396 ) (-6144 8268 1440 ) 
4 158 159 (-6144 8268 -192 ) (-5120 8268 -192 ) (-5120 8268 1440 ) (-6144 8268 1440 ) 
4 159 198 (-5120 8192 -192 ) (-5120 8192 1440 ) (-6144 8192 1440 ) (-6144 8192 -192 ) 
4 159 171 (-6144 8268 -192 ) (-6144 8192 -192 ) (-6144 8192 56 ) (-6144 8268 56 ) 
4 159 169 (-6144 8192 56 ) (-6144 8192 152 ) (-6144 8268 152 ) (-6144 8268 56 ) 
4 159 166 (-6144 8192 152 ) (-6144 8192 396 ) (-6144 8268 396 ) (-6144 8268 152 ) 
4 159 162 (-6144 8192 396 ) (-6144 8192 1440 ) (-6144 8268 1440 ) (-6144 8268 396 ) 
4 161 263 (-7168 9216 3959 ) (-7168 9216 1440 ) (-7168 8268 1440 ) (-7168 8268 3959 ) 
4 161 165 (-7168 8268 1440 ) (-7168 8548 1440 ) (-6928 8548 1440 ) (-6928 8268 1440 ) 
4 161 164 (-7168 8548 1440 ) (-7168 9216 1440 ) (-7144 9216 1440 ) (-7144 8548 1440 ) 
4 161 163 (-7144 9216 1440 ) (-6928 9216 1440 ) (-6928 8548 1440 ) (-7144 8548 1440 ) 
4 162 199 (-6144 8192 396 ) (-6144 8192 1440 ) (-6824 8192 1440 ) (-6824 8192 396 ) 
4 162 166 (-6144 8192 396 ) (-6824 8192 396 ) (-6824 9216 396 ) (-6144 9216 396 ) 
4 162 165 (-6824 8192 568 ) (-6824 8192 1440 ) (-6824 8548 1440 ) (-6824 8548 568 ) 
4 162 163 (-6824 9216 396 ) (-6824 8548 396 ) (-6824 8548 1440 ) (-6824 9216 1440 ) 
4 163 167 (-7144 9216 396 ) (-6824 9216 396 ) (-6824 8548 396 ) (-7144 8548 396 ) 
4 163 165 (-6824 8548 568 ) (-6824 8548 1440 ) (-7144 8548 1440 ) (-7144 8548 568 ) 
4 163 164 (-7144 8548 640 ) (-7144 8548 1440 ) (-7144 9216 1440 ) (-7144 9216 640 ) 
4 164 264 (-7168 8548 1440 ) (-7168 9216 1440 ) (-7168 9216 640 ) (-7168 8548 640 ) 
4 164 165 (-7144 8548 640 ) (-7144 8548 1440 ) (-7168 8548 1440 ) (-7168 8548 640 ) 
4 165 265 (-7168 8192 568 ) (-7168 8192 1440 ) (-7168 8548 1440 ) (-7168 8548 568 ) 
4 165 202 (-6836 8192 1440 ) (-7168 8192 1440 ) (-7168 8192 568 ) (-6836 8192 568 ) 
4 165 200 (-6824 8192 1440 ) (-6836 8192 1440 ) (-6836 8192 568 ) (-6824 8192 568 ) 
4 166 199 (-6144 8192 152 ) (-6144 8192 396 ) (-6824 8192 396 ) (-6824 8192 152 ) 
4 166 169 (-6144 8192 152 ) (-6824 8192 152 ) (-6824 9216 152 ) (-6144 9216 152 ) 
4 166 167 (-6824 9216 152 ) (-6824 8548 152 ) (-6824 8548 396 ) (-6824 9216 396 ) 
4 167 170 (-7144 9216 152 ) (-6824 9216 152 ) (-6824 8548 152 ) (-7144 8548 152 ) 
4 167 168 (-7144 9216 152 ) (-7144 8812 152 ) (-7144 8812 396 ) (-7144 9216 396 ) 
4 169 205 (-6144 8192 56 ) (-6144 8192 152 ) (-6824 8192 152 ) (-6824 8192 56 ) 
4 169 171 (-6824 9216 56 ) (-6144 9216 56 ) (-6144 8192 56 ) (-6824 8192 56 ) 
4 169 170 (-6824 9216 56 ) (-6824 8548 56 ) (-6824 8548 152 ) (-6824 9216 152 ) 
4 170 172 (-7144 9216 56 ) (-6824 9216 56 ) (-6824 8548 56 ) (-7144 8548 56 ) 
4 171 206 (-6144 8192 -192 ) (-6144 8192 56 ) (-6824 8192 56 ) (-6824 8192 -192 ) 
4 171 185 (-6632 8192 -192 ) (-6824 8192 -192 ) (-6824 9216 -192 ) (-6632 9216 -192 ) 
4 171 173 (-6824 8548 -192 ) (-6824 8192 -192 ) (-6824 8192 56 ) (-6824 8548 56 ) 
4 171 172 (-6824 9216 -192 ) (-6824 8548 -192 ) (-6824 8548 56 ) (-6824 9216 56 ) 
4 172 185 (-7144 8548 -192 ) (-7144 9216 -192 ) (-6824 9216 -192 ) (-6824 8548 -192 ) 
4 172 174 (-7144 9116 -192 ) (-7144 9004 -192 ) (-7144 9004 -88 ) (-7144 9116 -88 ) 
4 172 173 (-7144 8548 56 ) (-7144 8548 -192 ) (-6824 8548 -192 ) (-6824 8548 56 ) 
4 173 207 (-6824 8192 56 ) (-7144 8192 56 ) (-7144 8192 -192 ) (-6824 8192 -192 ) 
4 173 185 (-6824 8192 -192 ) (-7144 8192 -192 ) (-7144 8548 -192 ) (-6824 8548 -192 ) 
4 173 175 (-7144 8428 -192 ) (-7144 8192 -192 ) (-7144 8192 56 ) (-7144 8428 56 ) 
4 174 179 (-7160 9088 -192 ) (-7160 9004 -192 ) (-7160 9004 -88 ) (-7160 9088 -88 ) 
4 174 178 (-7160 9116 -192 ) (-7160 9088 -192 ) (-7160 9088 -88 ) (-7160 9116 -88 ) 
4 175 209 (-7144 8192 56 ) (-7160 8192 56 ) (-7160 8192 -192 ) (-7144 8192 -192 ) 
4 175 182 (-7160 8300 -192 ) (-7160 8192 -192 ) (-7160 8192 56 ) (-7160 8300 56 ) 
4 176 267 (-7168 9136 56 ) (-7168 9216 56 ) (-7168 9216 -48 ) (-7168 9136 -48 ) 
4 176 177 (-7160 9136 -48 ) (-7160 9136 56 ) (-7168 9136 56 ) (-7168 9136 -48 ) 
4 177 268 (-7168 9088 56 ) (-7168 9136 56 ) (-7168 9136 -48 ) (-7168 9088 -48 ) 
4 178 269 (-7168 9136 -64 ) (-7168 9136 -192 ) (-7168 9088 -192 ) (-7168 9088 -64 ) 
4 178 179 (-7168 9088 -192 ) (-7160 9088 -192 ) (-7160 9088 -64 ) (-7168 9088 -64 ) 
4 179 272 (-7168 9024 -192 ) (-7168 8992 -192 ) (-7168 8992 -64 ) (-7168 9024 -64 ) 
4 179 271 (-7168 9088 -64 ) (-7168 9088 -192 ) (-7168 9024 -192 ) (-7168 9024 -64 ) 
4 180 276 (-7168 8912 56 ) (-7168 8992 56 ) (-7168 8992 -48 ) (-7168 8912 -48 ) 
4 181 277 (-7168 8300 56 ) (-7168 8620 56 ) (-7168 8620 -192 ) (-7168 8300 -192 ) 
4 181 184 (-7168 8300 -192 ) (-7164 8300 -192 ) (-7164 8300 56 ) (-7168 8300 56 ) 
4 182 210 (-7160 8192 56 ) (-7163 8192 56 ) (-7163 8192 -192 ) (-7160 8192 -192 ) 
4 182 183 (-7163 8300 56 ) (-7163 8300 -192 ) (-7163 8192 -192 ) (-7163 8192 56 ) 
4 183 211 (-7163 8192 56 ) (-7164 8192 56 ) (-7164 8192 -192 ) (-7163 8192 -192 ) 
4 183 184 (-7164 8300 56 ) (-7164 8300 -192 ) (-7164 8192 -192 ) (-7164 8192 56 ) 
4 184 277 (-7168 8192 -192 ) (-7168 8192 56 ) (-7168 8300 56 ) (-7168 8300 -192 ) 
4 184 212 (-7164 8192 56 ) (-7168 8192 56 ) (-7168 8192 -192 ) (-7164 8192 -192 ) 
4 185 216 (-6632 8192 -192 ) (-7144 8192 -192 ) (-7144 8192 -196 ) (-6632 8192 -196 ) 
4 186 188 (1024 7168 -192 ) (1024 7168 1440 ) (0 7168 1440 ) (0 7168 -192 ) 
4 186 187 (0 7168 -192 ) (0 7168 1440 ) (0 8192 1440 ) (0 8192 -192 ) 
4 187 190 (-1024 7168 -192 ) (-1024 7168 1440 ) (-1024 8192 1440 ) (-1024 8192 -192 ) 
4 187 189 (0 7168 -192 ) (0 7168 1440 ) (-1024 7168 1440 ) (-1024 7168 -192 ) 
4 188 14 (1024 6144 -192 ) (1024 6144 1440 ) (0 6144 1440 ) (0 6144 -192 ) 
4 188 189 (0 7168 1440 ) (0 7168 -192 ) (0 6144 -192 ) (0 6144 1440 ) 
4 189 14 (0 6144 -192 ) (0 6144 1440 ) (-1024 6144 1440 ) (-1024 6144 -192 ) 
4 189 192 (-1024 6144 -192 ) (-1024 6144 1440 ) (-1024 7168 1440 ) (-1024 7168 -192 ) 
4 190 192 (-1024 7168 -192 ) (-1024 7168 1440 ) (-2048 7168 1440 ) (-2048 7168 -192 ) 
4 190 191 (-2048 7168 -192 ) (-2048 7168 1440 ) (-2048 8192 1440 ) (-2048 8192 -192 ) 
4 191 194 (-3072 7168 -192 ) (-3072 7168 1440 ) (-3072 8192 1440 ) (-3072 8192 -192 ) 
4 191 193 (-2048 7168 -192 ) (-2048 7168 1440 ) (-3072 7168 1440 ) (-3072 7168 -192 ) 
4 192 14 (-1024 6144 -192 ) (-1024 6144 1440 ) (-2048 6144 1440 ) (-2048 6144 -192 ) 
4 192 193 (-2048 7168 1440 ) (-2048 7168 -192 ) (-2048 6144 -192 ) (-2048 6144 1440 ) 
4 193 196 (-3072 6144 -192 ) (-3072 6144 1440 ) (-3072 7168 1440 ) (-3072 7168 -192 ) 
4 193 14 (-2048 6144 -192 ) (-2048 6144 1440 ) (-3072 6144 1440 ) (-3072 6144 -192 ) 
4 194 196 (-3072 7168 -192 ) (-3072 7168 1440 ) (-4096 7168 1440 ) (-4096 7168 -192 ) 
4 194 195 (-4096 7168 -192 ) (-4096 7168 1440 ) (-4096 8192 1440 ) (-4096 8192 -192 ) 
4 195 198 (-5120 7168 -192 ) (-5120 7168 1440 ) (-5120 8192 1440 ) (-5120 8192 -192 ) 
4 195 197 (-4096 7168 -192 ) (-4096 7168 1440 ) (-5120 7168 1440 ) (-5120 7168 -192 ) 
4 196 14 (-3072 6144 -192 ) (-3072 6144 1440 ) (-4096 6144 1440 ) (-4096 6144 -192 ) 
4 196 197 (-4096 7168 1440 ) (-4096 7168 -192 ) (-4096 6144 -192 ) (-4096 6144 1440 ) 
4 197 14 (-4096 6144 -192 ) (-4096 6144 1440 ) (-5120 6144 1440 ) (-5120 6144 -192 ) 
4 197 217 (-5120 6144 -192 ) (-5120 6144 1440 ) (-5120 7168 1440 ) (-5120 7168 -192 ) 
4 198 217 (-5120 7168 -192 ) (-5120 7168 1440 ) (-6144 7168 1440 ) (-6144 7168 -192 ) 
4 198 206 (-6144 7168 -192 ) (-6144 7168 56 ) (-6144 8192 56 ) (-6144 8192 -192 ) 
4 198 205 (-6144 7168 56 ) (-6144 7168 152 ) (-6144 8192 152 ) (-6144 8192 56 ) 
4 198 199 (-6144 7168 152 ) (-6144 7168 1440 ) (-6144 8192 1440 ) (-6144 8192 152 ) 
4 199 218 (-6824 7168 152 ) (-6144 7168 152 ) (-6144 7168 1440 ) (-6824 7168 1440 ) 
4 199 205 (-6824 8192 152 ) (-6144 8192 152 ) (-6144 7168 152 ) (-6824 7168 152 ) 
4 199 201 (-6824 7836 152 ) (-6824 7724 152 ) (-6824 7724 296 ) (-6824 7836 296 ) 
4 199 200 (-6824 8192 1440 ) (-6824 8192 568 ) (-6824 7168 568 ) (-6824 7168 1440 ) 
4 200 219 (-6824 7168 568 ) (-6824 7168 1440 ) (-6836 7168 1440 ) (-6836 7168 568 ) 
4 200 202 (-6836 7168 568 ) (-6836 7168 1440 ) (-6836 8192 1440 ) (-6836 8192 568 ) 
4 201 203 (-6836 7812 152 ) (-6836 7748 152 ) (-6836 7748 260 ) (-6836 7812 260 ) 
4 202 286 (-7168 7168 568 ) (-7168 7168 1440 ) (-7168 8192 1440 ) (-7168 8192 568 ) 
4 202 219 (-7168 7168 1440 ) (-7168 7168 568 ) (-6836 7168 568 ) (-6836 7168 1440 ) 
4 203 204 (-6840 7812 152 ) (-6840 7748 152 ) (-6840 7748 260 ) (-6840 7812 260 ) 
4 204 287 (-7168 7628 396 ) (-7168 7980 396 ) (-7168 7980 152 ) (-7168 7628 152 ) 
4 205 220 (-6824 7168 56 ) (-6144 7168 56 ) (-6144 7168 152 ) (-6824 7168 152 ) 
4 205 206 (-6824 8192 56 ) (-6144 8192 56 ) (-6144 7168 56 ) (-6824 7168 56 ) 
4 206 222 (-6824 7168 -192 ) (-6144 7168 -192 ) (-6144 7168 56 ) (-6824 7168 56 ) 
4 206 216 (-6632 7168 -192 ) (-6824 7168 -192 ) (-6824 8192 -192 ) (-6632 8192 -192 ) 
4 206 207 (-6824 8192 -192 ) (-6824 7980 -192 ) (-6824 7980 56 ) (-6824 8192 56 ) 
4 206 208 (-6824 7628 -192 ) (-6824 7168 -192 ) (-6824 7168 56 ) (-6824 7628 56 ) 
4 207 216 (-7144 7980 -192 ) (-7144 8192 -192 ) (-6824 8192 -192 ) (-6824 7980 -192 ) 
4 207 209 (-7144 8192 -192 ) (-7144 8012 -192 ) (-7144 8012 56 ) (-7144 8192 56 ) 
4 208 223 (-7144 7168 -192 ) (-6824 7168 -192 ) (-6824 7168 56 ) (-7144 7168 56 ) 
4 208 216 (-6824 7168 -192 ) (-7144 7168 -192 ) (-7144 7628 -192 ) (-6824 7628 -192 ) 
4 209 210 (-7160 8192 -192 ) (-7160 8108 -192 ) (-7160 8108 56 ) (-7160 8192 56 ) 
4 210 211 (-7163 8192 -192 ) (-7163 8108 -192 ) (-7163 8108 56 ) (-7163 8192 56 ) 
4 211 212 (-7164 8192 -192 ) (-7164 8108 -192 ) (-7164 8108 56 ) (-7164 8192 56 ) 
4 212 291 (-7168 8108 56 ) (-7168 8192 56 ) (-7168 8192 -192 ) (-7168 8108 -192 ) 
4 212 214 (-7168 8108 -192 ) (-7164 8108 -192 ) (-7164 8108 56 ) (-7168 8108 56 ) 
4 213 214 (-7164 7788 -192 ) (-7164 7564 -192 ) (-7164 7564 56 ) (-7164 7788 56 ) 
4 214 291 (-7168 7564 56 ) (-7168 8108 56 ) (-7168 8108 -192 ) (-7168 7564 -192 ) 
4 215 292 (-7168 7168 -192 ) (-7168 7168 56 ) (-7168 7548 56 ) (-7168 7548 -192 ) 
4 215 226 (-7168 7168 56 ) (-7168 7168 -192 ) (-7160 7168 -192 ) (-7160 7168 56 ) 
4 216 227 (-6632 7168 -196 ) (-6632 7168 -192 ) (-7144 7168 -192 ) (-7144 7168 -196 ) 
4 217 14 (-5120 6144 -192 ) (-5120 6144 1440 ) (-6144 6144 1440 ) (-6144 6144 -192 ) 
4 217 222 (-6144 7168 56 ) (-6144 7168 -192 ) (-6144 6144 -192 ) (-6144 6144 56 ) 
4 217 220 (-6144 7168 152 ) (-6144 7168 56 ) (-6144 6144 56 ) (-6144 6144 152 ) 
4 217 218 (-6144 7168 1440 ) (-6144 7168 152 ) (-6144 6144 152 ) (-6144 6144 1440 ) 
4 218 14 (-6824 6144 152 ) (-6144 6144 152 ) (-6144 6144 396 ) (-6824 6144 396 ) 
4 218 14 (-6144 6144 396 ) (-6144 6144 568 ) (-6824 6144 568 ) (-6824 6144 396 ) 
4 218 14 (-6144 6144 568 ) (-6144 6144 1440 ) (-6824 6144 1440 ) (-6824 6144 568 ) 
4 218 220 (-6144 6144 152 ) (-6824 6144 152 ) (-6824 7168 152 ) (-6144 7168 152 ) 
4 218 219 (-6824 6144 568 ) (-6824 6144 1440 ) (-6824 7168 1440 ) (-6824 7168 568 ) 
4 219 294 (-7168 6144 568 ) (-7168 6144 1440 ) (-7168 7168 1440 ) (-7168 7168 568 ) 
4 219 14 (-7168 6144 1440 ) (-7168 6144 568 ) (-6824 6144 568 ) (-6824 6144 1440 ) 
4 220 14 (-6824 6144 56 ) (-6144 6144 56 ) (-6144 6144 152 ) (-6824 6144 152 ) 
4 220 222 (-6144 7168 56 ) (-6144 6144 56 ) (-6824 6144 56 ) (-6824 7168 56 ) 
4 220 221 (-6824 6256 56 ) (-6824 6252 56 ) (-6824 6252 152 ) (-6824 6256 152 ) 
4 221 223 (-6832 6252 56 ) (-6832 6256 56 ) (-6824 6256 56 ) (-6824 6252 56 ) 
4 222 14 (-6824 6144 -192 ) (-6144 6144 -192 ) (-6144 6144 56 ) (-6824 6144 56 ) 
4 222 227 (-6632 6144 -192 ) (-6824 6144 -192 ) (-6824 7168 -192 ) (-6632 7168 -192 ) 
4 222 223 (-6824 7168 -192 ) (-6824 6252 -192 ) (-6824 6252 56 ) (-6824 7168 56 ) 
4 223 227 (-7144 6252 -192 ) (-7144 7168 -192 ) (-6824 7168 -192 ) (-6824 6252 -192 ) 
4 223 224 (-7144 7020 -192 ) (-7144 6732 -192 ) (-7144 6732 56 ) (-7144 7020 56 ) 
4 224 225 (-7159 7020 56 ) (-7159 7020 -192 ) (-7159 6732 -192 ) (-7159 6732 56 ) 
4 225 226 (-7160 7020 -192 ) (-7160 6732 -192 ) (-7160 6732 56 ) (-7160 7020 56 ) 
4 226 296 (-7168 6492 56 ) (-7168 7168 56 ) (-7168 7168 -192 ) (-7168 6492 -192 ) 
4 227 228 (-6632 6144 -196 ) (-6632 6144 -192 ) (-7144 6144 -192 ) (-7144 6144 -196 ) 
4 229 232 (-7168 14336 568 ) (-7168 14336 1440 ) (-7216 14336 1440 ) (-7216 14336 568 ) 
4 229 230 (-7216 14516 1440 ) (-7216 14516 704 ) (-7216 14336 704 ) (-7216 14336 1440 ) 
4 230 233 (-8192 14336 1440 ) (-8192 14336 704 ) (-7216 14336 704 ) (-7216 14336 1440 ) 
4 230 231 (-8192 14336 704 ) (-8192 14336 1440 ) (-8192 14516 1440 ) (-8192 14516 704 ) 
4 231 234 (-8192 14336 704 ) (-8192 14336 1440 ) (-8416 14336 1440 ) (-8416 14336 704 ) 
4 232 235 (-7168 13312 568 ) (-7168 13312 1440 ) (-7216 13312 1440 ) (-7216 13312 568 ) 
4 232 233 (-7216 14336 1440 ) (-7216 14336 704 ) (-7216 13312 704 ) (-7216 13312 1440 ) 
4 233 236 (-8192 13312 1440 ) (-8192 13312 704 ) (-7216 13312 704 ) (-7216 13312 1440 ) 
4 233 234 (-8192 14336 1440 ) (-8192 14336 704 ) (-8192 13312 704 ) (-8192 13312 1440 ) 
4 234 237 (-8192 13312 704 ) (-8192 13312 1440 ) (-8416 13312 1440 ) (-8416 13312 704 ) 
4 235 238 (-7168 12288 568 ) (-7168 12288 1440 ) (-7216 12288 1440 ) (-7216 12288 568 ) 
4 235 236 (-7216 13312 1440 ) (-7216 13312 704 ) (-7216 12288 704 ) (-7216 12288 1440 ) 
4 236 239 (-8192 12288 1440 ) (-8192 12288 704 ) (-7216 12288 704 ) (-7216 12288 1440 ) 
4 236 237 (-8192 13312 1440 ) (-8192 13312 704 ) (-8192 12288 704 ) (-8192 12288 1440 ) 
4 237 241 (-8192 12288 704 ) (-8192 12288 1440 ) (-8416 12288 1440 ) (-8416 12288 704 ) 
4 238 242 (-7168 11264 568 ) (-7168 11264 1440 ) (-7216 11264 1440 ) (-7216 11264 568 ) 
4 238 239 (-7216 11264 704 ) (-7216 11264 1440 ) (-7216 12288 1440 ) (-7216 12288 704 ) 
4 239 243 (-8192 11264 1440 ) (-8192 11264 704 ) (-7216 11264 704 ) (-7216 11264 1440 ) 
4 239 241 (-8192 11264 704 ) (-8192 11264 1440 ) (-8192 12288 1440 ) (-8192 12288 704 ) 
4 240 244 (-7168 11264 -192 ) (-7168 11264 56 ) (-7720 11264 56 ) (-7720 11264 -192 ) 
4 241 246 (-8192 11264 704 ) (-8192 11264 1440 ) (-8416 11264 1440 ) (-8416 11264 704 ) 
4 242 247 (-7168 10240 568 ) (-7168 10240 1440 ) (-7216 10240 1440 ) (-7216 10240 568 ) 
4 242 243 (-7216 11264 1440 ) (-7216 11264 704 ) (-7216 10240 704 ) (-7216 10240 1440 ) 
4 243 251 (-8192 10240 1440 ) (-8192 10240 704 ) (-7216 10240 704 ) (-7216 10240 1440 ) 
4 243 246 (-8192 11264 1440 ) (-8192 11264 704 ) (-8192 10240 704 ) (-8192 10240 1440 ) 
4 245 259 (-7416 10240 56 ) (-7720 10240 56 ) (-7720 10240 -192 ) (-7416 10240 -192 ) 
4 245 258 (-7416 10240 -48 ) (-7416 10240 -192 ) (-7336 10240 -192 ) (-7336 10240 -48 ) 
4 245 255 (-7336 10240 56 ) (-7416 10240 56 ) (-7416 10240 -48 ) (-7336 10240 -48 ) 
4 245 254 (-7168 10240 -192 ) (-7168 10240 56 ) (-7336 10240 56 ) (-7336 10240 -192 ) 
4 246 260 (-8192 10240 704 ) (-8192 10240 1440 ) (-8416 10240 1440 ) (-8416 10240 704 ) 
4 247 251 (-7216 9932 704 ) (-7216 9932 1440 ) (-7216 10240 1440 ) (-7216 10240 704 ) 
4 247 250 (-7216 9932 640 ) (-7216 9932 568 ) (-7168 9932 568 ) (-7168 9932 640 ) 
4 247 249 (-7216 9932 1440 ) (-7216 9932 640 ) (-7168 9932 640 ) (-7168 9932 1440 ) 
4 248 263 (-7168 9216 1440 ) (-7168 9216 3959 ) (-7216 9216 3959 ) (-7216 9216 1440 ) 
4 248 252 (-7216 9216 1440 ) (-7216 9216 3959 ) (-7216 9932 3959 ) (-7216 9932 1440 ) 
4 248 249 (-7216 9216 1440 ) (-7216 9932 1440 ) (-7168 9932 1440 ) (-7168 9216 1440 ) 
4 249 264 (-7168 9216 640 ) (-7168 9216 1440 ) (-7216 9216 1440 ) (-7216 9216 640 ) 
4 249 253 (-7216 9216 704 ) (-7216 9216 1440 ) (-7216 9932 1440 ) (-7216 9932 704 ) 
4 249 250 (-7216 9572 640 ) (-7216 9932 640 ) (-7168 9932 640 ) (-7168 9572 640 ) 
4 251 260 (-8192 10240 1440 ) (-8192 10240 704 ) (-8192 9932 704 ) (-8192 9932 1440 ) 
4 251 253 (-8192 9932 1440 ) (-8192 9932 704 ) (-7216 9932 704 ) (-7216 9932 1440 ) 
4 252 263 (-8192 9216 3959 ) (-8192 9216 1440 ) (-7216 9216 1440 ) (-7216 9216 3959 ) 
4 252 261 (-8192 9216 1440 ) (-8192 9216 3959 ) (-8192 9932 3959 ) (-8192 9932 1440 ) 
4 252 253 (-8192 9932 1440 ) (-7216 9932 1440 ) (-7216 9216 1440 ) (-8192 9216 1440 ) 
4 253 266 (-8192 9216 1440 ) (-8192 9216 704 ) (-7216 9216 704 ) (-7216 9216 1440 ) 
4 253 262 (-8192 9216 704 ) (-8192 9216 1440 ) (-8192 9932 1440 ) (-8192 9932 704 ) 
4 254 258 (-7336 10240 -192 ) (-7336 9500 -192 ) (-7336 9500 -48 ) (-7336 10240 -48 ) 
4 254 255 (-7336 9500 -48 ) (-7336 9500 56 ) (-7336 10240 56 ) (-7336 10240 -48 ) 
4 255 259 (-7416 9500 56 ) (-7416 10240 56 ) (-7416 10240 -48 ) (-7416 9500 -48 ) 
4 255 258 (-7416 9500 -48 ) (-7416 10240 -48 ) (-7336 10240 -48 ) (-7336 9500 -48 ) 
4 255 256 (-7416 9500 56 ) (-7416 9500 -48 ) (-7336 9500 -48 ) (-7336 9500 56 ) 
4 256 257 (-7416 9484 56 ) (-7416 9484 -48 ) (-7336 9484 -48 ) (-7336 9484 56 ) 
4 257 267 (-7336 9216 56 ) (-7416 9216 56 ) (-7416 9216 -48 ) (-7336 9216 -48 ) 
4 258 259 (-7416 10240 -192 ) (-7416 9500 -192 ) (-7416 9500 -48 ) (-7416 10240 -48 ) 
4 260 262 (-8416 9932 1440 ) (-8416 9932 704 ) (-8192 9932 704 ) (-8192 9932 1440 ) 
4 261 283 (-8192 9216 1440 ) (-8192 9216 3959 ) (-8416 9216 3959 ) (-8416 9216 1440 ) 
4 261 262 (-8416 9216 1440 ) (-8416 9932 1440 ) (-8192 9932 1440 ) (-8192 9216 1440 ) 
4 262 284 (-8192 9216 704 ) (-8192 9216 1440 ) (-8416 9216 1440 ) (-8416 9216 704 ) 
4 263 283 (-8192 9216 3959 ) (-8192 9216 1440 ) (-8192 8268 1440 ) (-8192 8268 3959 ) 
4 263 266 (-8192 9216 1440 ) (-7216 9216 1440 ) (-7216 8268 1440 ) (-8192 8268 1440 ) 
4 263 265 (-7168 8548 1440 ) (-7168 8268 1440 ) (-7216 8268 1440 ) (-7216 8548 1440 ) 
4 263 264 (-7216 9216 1440 ) (-7168 9216 1440 ) (-7168 8548 1440 ) (-7216 8548 1440 ) 
4 264 266 (-7216 8548 704 ) (-7216 8548 1440 ) (-7216 9216 1440 ) (-7216 9216 704 ) 
4 264 265 (-7216 8548 1440 ) (-7216 8548 640 ) (-7168 8548 640 ) (-7168 8548 1440 ) 
4 265 286 (-7168 8192 568 ) (-7168 8192 1440 ) (-7216 8192 1440 ) (-7216 8192 568 ) 
4 265 266 (-7216 8192 704 ) (-7216 8192 1440 ) (-7216 8548 1440 ) (-7216 8548 704 ) 
4 266 288 (-7216 8192 1440 ) (-8192 8192 1440 ) (-8192 8192 704 ) (-7216 8192 704 ) 
4 266 285 (-8192 8268 704 ) (-8192 8192 704 ) (-8192 8192 1440 ) (-8192 8268 1440 ) 
4 266 284 (-8192 9216 1440 ) (-8192 9216 704 ) (-8192 8268 704 ) (-8192 8268 1440 ) 
4 267 268 (-7168 9136 -48 ) (-7168 9136 56 ) (-7280 9136 56 ) (-7280 9136 -48 ) 
4 268 270 (-7248 9088 -48 ) (-7184 9088 -48 ) (-7184 9088 56 ) (-7248 9088 56 ) 
4 269 271 (-7280 9088 -64 ) (-7280 9088 -192 ) (-7168 9088 -192 ) (-7168 9088 -64 ) 
4 270 273 (-7184 9024 56 ) (-7248 9024 56 ) (-7248 9024 -48 ) (-7184 9024 -48 ) 
4 270 271 (-7184 9024 -64 ) (-7248 9024 -64 ) (-7248 9088 -64 ) (-7184 9088 -64 ) 
4 271 275 (-7280 9024 -192 ) (-7248 9024 -192 ) (-7248 9024 -64 ) (-7280 9024 -64 ) 
4 271 274 (-7248 9024 -192 ) (-7184 9024 -192 ) (-7184 9024 -64 ) (-7248 9024 -64 ) 
4 271 272 (-7184 9024 -192 ) (-7168 9024 -192 ) (-7168 9024 -64 ) (-7184 9024 -64 ) 
4 272 274 (-7184 9024 -64 ) (-7184 9024 -192 ) (-7184 8992 -192 ) (-7184 8992 -64 ) 
4 273 276 (-7184 8992 -48 ) (-7184 8992 56 ) (-7248 8992 56 ) (-7248 8992 -48 ) 
4 274 275 (-7248 9024 -64 ) (-7248 9024 -192 ) (-7248 8992 -192 ) (-7248 8992 -64 ) 
4 276 278 (-7296 8992 56 ) (-7296 8992 -48 ) (-7296 8912 -48 ) (-7296 8912 56 ) 
4 277 291 (-7168 8192 -192 ) (-7168 8192 56 ) (-7296 8192 56 ) (-7296 8192 -192 ) 
4 277 281 (-7296 8620 -192 ) (-7296 8192 -192 ) (-7296 8192 -48 ) (-7296 8620 -48 ) 
4 277 280 (-7296 8192 -48 ) (-7296 8192 56 ) (-7296 8620 56 ) (-7296 8620 -48 ) 
4 278 279 (-7376 8636 56 ) (-7376 8636 -48 ) (-7296 8636 -48 ) (-7296 8636 56 ) 
4 279 280 (-7376 8620 56 ) (-7376 8620 -48 ) (-7296 8620 -48 ) (-7296 8620 56 ) 
4 280 291 (-7296 8192 56 ) (-7376 8192 56 ) (-7376 8192 -48 ) (-7296 8192 -48 ) 
4 280 282 (-7376 8620 -48 ) (-7376 8192 -48 ) (-7376 8192 56 ) (-7376 8620 56 ) 
4 280 281 (-7376 8192 -48 ) (-7376 8620 -48 ) (-7296 8620 -48 ) (-7296 8192 -48 ) 
4 281 291 (-7376 8192 -48 ) (-7376 8192 -192 ) (-7296 8192 -192 ) (-7296 8192 -48 ) 
4 281 282 (-7376 8620 -192 ) (-7376 8192 -192 ) (-7376 8192 -48 ) (-7376 8620 -48 ) 
4 282 291 (-7376 8192 56 ) (-7720 8192 56 ) (-7720 8192 -192 ) (-7376 8192 -192 ) 
4 283 284 (-8192 8268 1440 ) (-8416 8268 1440 ) (-8416 9216 1440 ) (-8192 9216 1440 ) 
4 284 285 (-8416 8268 1440 ) (-8416 8268 704 ) (-8192 8268 704 ) (-8192 8268 1440 ) 
4 285 293 (-8192 8192 704 ) (-8192 8192 1440 ) (-8416 8192 1440 ) (-8416 8192 704 ) 
4 286 294 (-7168 7168 568 ) (-7168 7168 1440 ) (-7216 7168 1440 ) (-7216 7168 568 ) 
4 286 290 (-7216 7168 704 ) (-7216 7168 1440 ) (-7216 7628 1440 ) (-7216 7628 704 ) 
4 286 289 (-7216 7628 1440 ) (-7216 7980 1440 ) (-7216 7980 704 ) (-7216 7628 704 ) 
4 286 288 (-7216 7980 1440 ) (-7216 8192 1440 ) (-7216 8192 704 ) (-7216 7980 704 ) 
4 288 293 (-8192 7980 1440 ) (-8192 8192 1440 ) (-8192 8192 704 ) (-8192 7980 704 ) 
4 288 289 (-7216 7980 704 ) (-7216 7980 1440 ) (-8192 7980 1440 ) (-8192 7980 704 ) 
4 289 293 (-8192 7628 1440 ) (-8192 7980 1440 ) (-8192 7980 704 ) (-8192 7628 704 ) 
4 289 290 (-7216 7628 704 ) (-7216 7628 1440 ) (-8192 7628 1440 ) (-8192 7628 704 ) 
4 290 295 (-7216 7168 1440 ) (-8192 7168 1440 ) (-8192 7168 704 ) (-7216 7168 704 ) 
4 290 293 (-8192 7168 704 ) (-8192 7168 1440 ) (-8192 7628 1440 ) (-8192 7628 704 ) 
4 292 296 (-7168 7168 -192 ) (-7168 7168 56 ) (-7720 7168 56 ) (-7720 7168 -192 ) 
4 293 297 (-8192 7168 704 ) (-8192 7168 1440 ) (-8416 7168 1440 ) (-8416 7168 704 ) 
4 294 14 (-7168 6144 568 ) (-7168 6144 1440 ) (-7216 6144 1440 ) (-7216 6144 568 ) 
4 294 295 (-7216 6144 704 ) (-7216 6144 1440 ) (-7216 7168 1440 ) (-7216 7168 704 ) 
4 295 14 (-8192 6144 1440 ) (-8192 6144 704 ) (-7216 6144 704 ) (-7216 6144 1440 ) 
4 295 297 (-8192 7168 1440 ) (-8192 7168 704 ) (-8192 6144 704 ) (-8192 6144 1440 ) 
4 297 14 (-8192 6144 704 ) (-8192 6144 1440 ) (-8416 6144 1440 ) (-8416 6144 704 ) 
