PRT1
64
258
4 1 9 (4096 4640 16 ) (4096 5120 16 ) (4784 5120 16 ) (4784 4640 16 ) 
4 1 10 (4256 3072 16 ) (4096 3072 16 ) (4096 3200 16 ) (4256 3200 16 ) 
4 1 12 (3496 4640 16 ) (3992 4640 16 ) (3992 4512 16 ) (3496 4512 16 ) 
4 1 11 (3072 4640 16 ) (3072 5120 16 ) (4096 5120 16 ) (4096 4640 16 ) 
4 1 12 (3496 4512 16 ) (3992 4512 16 ) (3992 4480 16 ) (3496 4480 16 ) 
4 1 12 (3992 4096 16 ) (3496 4096 16 ) (3496 4480 16 ) (3992 4480 16 ) 
4 1 13 (2816 4640 16 ) (2816 5120 16 ) (3072 5120 16 ) (3072 4640 16 ) 
4 1 15 (3496 4096 16 ) (3992 4096 16 ) (3992 3936 16 ) (3496 3936 16 ) 
4 1 15 (3992 3072 16 ) (3496 3072 16 ) (3496 3936 16 ) (3992 3936 16 ) 
4 1 14 (4096 3200 16 ) (4096 3072 16 ) (3992 3072 16 ) (3992 3200 16 ) 
4 1 16 (8320 2936 16 ) (8320 2432 16 ) (8192 2432 16 ) (8192 2936 16 ) 
4 1 17 (7168 2432 16 ) (7168 2936 16 ) (8192 2936 16 ) (8192 2432 16 ) 
4 1 18 (9216 -912 8 ) (9216 -1024 8 ) (9216 -1024 16 ) (9216 -912 16 ) 
4 1 18 (9216 -1024 16 ) (8960 -1024 16 ) (8960 -912 16 ) (9216 -912 16 ) 
4 1 19 (9216 -1024 16 ) (9216 -1024 8 ) (9216 -1840 8 ) (9216 -1840 16 ) 
4 1 20 (8960 -1840 16 ) (8832 -1840 16 ) (8832 -1200 16 ) (8960 -1200 16 ) 
4 1 19 (9216 -1840 16 ) (8960 -1840 16 ) (8960 -1024 16 ) (9216 -1024 16 ) 
4 1 21 (8832 -1840 8 ) (8832 -2048 8 ) (8832 -2048 16 ) (8832 -1840 16 ) 
4 1 21 (8832 -1200 16 ) (8832 -2048 16 ) (8192 -2048 16 ) (8192 -1200 16 ) 
4 1 22 (8192 -1200 16 ) (8192 -2048 16 ) (7168 -2048 16 ) (7168 -1200 16 ) 
4 1 23 (8896 -3072 8 ) (8192 -3072 8 ) (8192 -2864 8 ) (8896 -2864 8 ) 
4 1 24 (8192 -2864 8 ) (8192 -3072 8 ) (7168 -3072 8 ) (7168 -2864 8 ) 
4 1 25 (9216 -4096 1728 ) (9216 -4096 656 ) (9536 -4096 656 ) (9536 -4096 1728 ) 
4 1 25 (9536 -3248 656 ) (9536 -4096 656 ) (9216 -4096 656 ) (9216 -3248 656 ) 
4 1 25 (9216 -4096 656 ) (9216 -4096 1728 ) (8896 -4096 1728 ) (8896 -4096 656 ) 
4 1 25 (9216 -4096 656 ) (8896 -4096 656 ) (8896 -3248 656 ) (9216 -3248 656 ) 
4 1 25 (8192 -4096 1728 ) (8192 -4096 512 ) (8896 -4096 512 ) (8896 -4096 1728 ) 
4 1 26 (8192 -4096 512 ) (8192 -4096 -160 ) (8896 -4096 -160 ) (8896 -4096 512 ) 
4 1 25 (8192 -4096 512 ) (8192 -4096 1728 ) (7168 -4096 1728 ) (7168 -4096 512 ) 
4 1 26 (8192 -4096 -160 ) (8192 -4096 512 ) (7168 -4096 512 ) (7168 -4096 -160 ) 
4 1 28 (6392 3072 16 ) (6400 3072 16 ) (6400 2432 16 ) (6392 2432 16 ) 
4 1 29 (6144 2304 16 ) (6144 3072 16 ) (6392 3072 16 ) (6392 2304 16 ) 
4 1 27 (7168 2936 16 ) (7168 2432 16 ) (6400 2432 16 ) (6400 2936 16 ) 
4 1 29 (6392 2048 16 ) (6144 2048 16 ) (6144 2304 16 ) (6392 2304 16 ) 
4 1 31 (5760 2432 16 ) (5760 3072 16 ) (5896 3072 16 ) (5896 2432 16 ) 
4 1 30 (6144 2048 16 ) (5896 2048 16 ) (5896 3072 16 ) (6144 3072 16 ) 
4 1 32 (6144 1536 16 ) (6144 2048 16 ) (6392 2048 16 ) (6392 1536 16 ) 
4 1 33 (6144 1408 16 ) (6144 1536 16 ) (6528 1536 16 ) (6528 1408 16 ) 
4 1 33 (6528 1024 16 ) (6144 1024 16 ) (6144 1408 16 ) (6528 1408 16 ) 
4 1 36 (5888 1032 16 ) (6144 1032 16 ) (6144 1024 16 ) (5888 1024 16 ) 
4 1 35 (5760 1032 16 ) (5760 1536 16 ) (5896 1536 16 ) (5896 1032 16 ) 
4 1 34 (5896 2048 16 ) (6144 2048 16 ) (6144 1032 16 ) (5896 1032 16 ) 
4 1 37 (5760 1536 16 ) (5760 1032 16 ) (5260 1032 16 ) (5260 1536 16 ) 
4 1 37 (5260 1536 16 ) (5260 1032 16 ) (5120 1032 16 ) (5120 1536 16 ) 
4 1 38 (6144 768 16 ) (6144 1024 16 ) (6528 1024 16 ) (6528 768 16 ) 
4 1 39 (6144 768 16 ) (5888 768 16 ) (5888 1024 16 ) (6144 1024 16 ) 
4 1 40 (4096 2048 16 ) (4096 3072 16 ) (4256 3072 16 ) (4256 2048 16 ) 
4 1 41 (4096 2048 16 ) (3496 2048 16 ) (3496 3072 16 ) (4096 3072 16 ) 
4 1 42 (4256 1856 16 ) (4096 1856 16 ) (4096 2048 16 ) (4256 2048 16 ) 
4 1 43 (4256 1664 16 ) (4096 1664 16 ) (4096 1856 16 ) (4256 1856 16 ) 
4 1 45 (4096 1032 16 ) (4096 1536 16 ) (5120 1536 16 ) (5120 1032 16 ) 
4 1 44 (4096 1536 16 ) (4096 1664 16 ) (4256 1664 16 ) (4256 1536 16 ) 
4 1 47 (4000 1032 16 ) (4000 1536 16 ) (4096 1536 16 ) (4096 1032 16 ) 
4 1 48 (4000 1024 16 ) (3392 1024 16 ) (3392 1536 16 ) (4000 1536 16 ) 
4 1 46 (3496 2048 16 ) (4096 2048 16 ) (4096 1536 16 ) (3496 1536 16 ) 
4 1 49 (3392 1024 16 ) (4000 1024 16 ) (4000 896 16 ) (3392 896 16 ) 
4 1 50 (7168 -1200 16 ) (7168 -2048 16 ) (7040 -2048 16 ) (7040 -1200 16 ) 
4 1 50 (7040 -1200 16 ) (7040 -2048 16 ) (6400 -2048 16 ) (6400 -1200 16 ) 
4 1 50 (6144 -2048 16 ) (6144 -1200 16 ) (6400 -1200 16 ) (6400 -2048 16 ) 
4 1 51 (6144 -2048 16 ) (5260 -2048 16 ) (5260 -1200 16 ) (6144 -1200 16 ) 
4 1 52 (5260 -2048 16 ) (5120 -2048 16 ) (5120 -1200 16 ) (5260 -1200 16 ) 
4 1 53 (7168 -2864 8 ) (7168 -3072 8 ) (6144 -3072 8 ) (6144 -2864 8 ) 
4 1 54 (6144 -2864 8 ) (6144 -3072 8 ) (5260 -3072 8 ) (5260 -2864 8 ) 
4 1 54 (5120 -3072 8 ) (5120 -2864 8 ) (5260 -2864 8 ) (5260 -3072 8 ) 
4 1 55 (5120 -1200 16 ) (5120 -2048 16 ) (4392 -2048 16 ) (4392 -1200 16 ) 
4 1 55 (4096 -2048 16 ) (4096 -1200 16 ) (4392 -1200 16 ) (4392 -2048 16 ) 
4 1 56 (5120 -3072 8 ) (4096 -3072 8 ) (4096 -2864 8 ) (5120 -2864 8 ) 
4 1 57 (3072 -2048 16 ) (3072 -1200 16 ) (4096 -1200 16 ) (4096 -2048 16 ) 
4 1 62 (2048 -1200 16 ) (2048 -1200 8 ) (2048 -2040 8 ) (2048 -2040 16 ) 
4 1 58 (4096 -2864 8 ) (4096 -3072 8 ) (3072 -3072 8 ) (3072 -2864 8 ) 
4 1 59 (3072 -2864 8 ) (3072 -3072 8 ) (2208 -3072 8 ) (2208 -2864 8 ) 
4 1 60 (1024 -1024 16 ) (1024 -928 16 ) (1472 -928 16 ) (1472 -1024 16 ) 
4 1 62 (2048 -2040 16 ) (1640 -2040 16 ) (1640 -1200 16 ) (2048 -1200 16 ) 
4 1 62 (1640 -2040 16 ) (1024 -2040 16 ) (1024 -1200 16 ) (1640 -1200 16 ) 
4 1 61 (1024 -1200 16 ) (1024 -1024 16 ) (1472 -1024 16 ) (1472 -1200 16 ) 
4 1 63 (832 -1760 8 ) (1024 -1760 8 ) (1024 -1760 16 ) (832 -1760 16 ) 
4 1 63 (704 -2040 16 ) (704 -1760 16 ) (1024 -1760 16 ) (1024 -2040 16 ) 
4 1 25 (7168 -4096 512 ) (7168 -4096 1728 ) (6144 -4096 1728 ) (6144 -4096 512 ) 
4 1 26 (7168 -4096 -160 ) (7168 -4096 512 ) (6144 -4096 512 ) (6144 -4096 -160 ) 
4 1 25 (6144 -4096 512 ) (6144 -4096 1728 ) (5120 -4096 1728 ) (5120 -4096 512 ) 
4 1 26 (6144 -4096 -160 ) (6144 -4096 512 ) (5120 -4096 512 ) (5120 -4096 -160 ) 
4 1 25 (5120 -4096 512 ) (5120 -4096 1728 ) (4096 -4096 1728 ) (4096 -4096 512 ) 
4 1 26 (5120 -4096 -160 ) (5120 -4096 512 ) (4096 -4096 512 ) (4096 -4096 -160 ) 
4 1 25 (4096 -4096 512 ) (4096 -4096 1728 ) (3072 -4096 1728 ) (3072 -4096 512 ) 
4 1 26 (4096 -4096 -160 ) (4096 -4096 512 ) (3072 -4096 512 ) (3072 -4096 -160 ) 
4 1 25 (3072 -4096 512 ) (3072 -4096 1728 ) (2208 -4096 1728 ) (2208 -4096 512 ) 
4 1 25 (2208 -4096 512 ) (2208 -4096 1728 ) (2208 -3224 1728 ) (2208 -3224 512 ) 
4 1 26 (3072 -4096 -160 ) (3072 -4096 512 ) (2208 -4096 512 ) (2208 -4096 -160 ) 
4 1 26 (2208 -3224 -160 ) (2208 -4096 -160 ) (2208 -4096 512 ) (2208 -3224 512 ) 
4 1 25 (2048 -3224 1728 ) (2048 -3224 568 ) (2208 -3224 568 ) (2208 -3224 1728 ) 
4 1 25 (1184 -3224 568 ) (2048 -3224 568 ) (2048 -3224 1728 ) (1184 -3224 1728 ) 
4 2 1 (4784 5120 1728 ) (4096 5120 1728 ) (4096 5120 912 ) (4784 5120 912 ) 
4 2 1 (4096 5120 912 ) (4096 5120 400 ) (4784 5120 400 ) (4784 5120 912 ) 
4 2 3 (4096 5280 400 ) (4784 5280 400 ) (4784 5120 400 ) (4096 5120 400 ) 
4 2 1 (4096 5120 912 ) (4096 5120 1728 ) (3072 5120 1728 ) (3072 5120 912 ) 
4 2 1 (4096 5120 400 ) (4096 5120 512 ) (3072 5120 512 ) (3072 5120 400 ) 
4 2 1 (4096 5120 512 ) (4096 5120 912 ) (3072 5120 912 ) (3072 5120 512 ) 
4 2 5 (3072 5280 400 ) (4096 5280 400 ) (4096 5120 400 ) (3072 5120 400 ) 
4 2 1 (3072 5120 912 ) (3072 5120 1728 ) (2816 5120 1728 ) (2816 5120 912 ) 
4 2 1 (3072 5120 400 ) (3072 5120 912 ) (2816 5120 912 ) (2816 5120 400 ) 
4 2 7 (3072 5120 400 ) (2816 5120 400 ) (2816 5280 400 ) (3072 5280 400 ) 
4 3 1 (4096 5120 400 ) (4096 5120 16 ) (4784 5120 16 ) (4784 5120 400 ) 
4 3 5 (4096 5120 16 ) (4096 5120 400 ) (4096 5280 400 ) (4096 5280 16 ) 
4 3 4 (4096 5120 16 ) (4096 5152 16 ) (4784 5152 16 ) (4784 5120 16 ) 
4 4 9 (4096 5120 16 ) (4096 5120 8 ) (4784 5120 8 ) (4784 5120 16 ) 
4 4 6 (4096 5120 8 ) (4096 5120 16 ) (4096 5152 16 ) (4096 5152 8 ) 
4 5 1 (4096 5120 16 ) (4096 5120 400 ) (3072 5120 400 ) (3072 5120 16 ) 
4 5 7 (3072 5120 16 ) (3072 5120 400 ) (3072 5280 400 ) (3072 5280 16 ) 
4 5 6 (4096 5120 16 ) (3072 5120 16 ) (3072 5152 16 ) (4096 5152 16 ) 
4 6 11 (4096 5120 8 ) (4096 5120 16 ) (3072 5120 16 ) (3072 5120 8 ) 
4 6 8 (3072 5152 8 ) (3072 5120 8 ) (3072 5120 16 ) (3072 5152 16 ) 
4 7 1 (3072 5120 16 ) (3072 5120 400 ) (2816 5120 400 ) (2816 5120 16 ) 
4 7 8 (3072 5120 16 ) (2816 5120 16 ) (2816 5152 16 ) (3072 5152 16 ) 
4 8 13 (3072 5120 8 ) (3072 5120 16 ) (2816 5120 16 ) (2816 5120 8 ) 
4 9 11 (4096 5120 16 ) (4096 5120 8 ) (4096 4640 8 ) (4096 4640 16 ) 
4 10 40 (4256 3072 16 ) (4096 3072 16 ) (4096 3072 8 ) (4256 3072 8 ) 
4 10 14 (4096 3072 8 ) (4096 3072 16 ) (4096 3200 16 ) (4096 3200 8 ) 
4 11 13 (3072 5120 16 ) (3072 5120 8 ) (3072 4640 8 ) (3072 4640 16 ) 
4 11 12 (3496 4640 8 ) (3992 4640 8 ) (3992 4640 16 ) (3496 4640 16 ) 
4 12 15 (3992 4096 16 ) (3496 4096 16 ) (3496 4096 8 ) (3992 4096 8 ) 
4 14 41 (4096 3072 8 ) (4096 3072 16 ) (3992 3072 16 ) (3992 3072 8 ) 
4 14 15 (3992 3200 8 ) (3992 3072 8 ) (3992 3072 16 ) (3992 3200 16 ) 
4 15 41 (3992 3072 16 ) (3496 3072 16 ) (3496 3072 8 ) (3992 3072 8 ) 
4 16 17 (8192 2432 16 ) (8192 2936 16 ) (8192 2936 8 ) (8192 2432 8 ) 
4 17 27 (7168 2432 8 ) (7168 2432 16 ) (7168 2936 16 ) (7168 2936 8 ) 
4 18 19 (9216 -1024 8 ) (9216 -1024 16 ) (8960 -1024 16 ) (8960 -1024 8 ) 
4 19 20 (8960 -1200 8 ) (8960 -1840 8 ) (8960 -1840 16 ) (8960 -1200 16 ) 
4 20 21 (8832 -1200 8 ) (8832 -1840 8 ) (8832 -1840 16 ) (8832 -1200 16 ) 
4 20 1 (8832 -1840 16 ) (8832 -1840 8 ) (8896 -1840 8 ) (8896 -1840 16 ) 
4 21 1 (8192 -2048 16 ) (8192 -2048 8 ) (8832 -2048 8 ) (8832 -2048 16 ) 
4 21 22 (8192 -1200 8 ) (8192 -2048 8 ) (8192 -2048 16 ) (8192 -1200 16 ) 
4 22 50 (7168 -2048 8 ) (7168 -2048 16 ) (7168 -1200 16 ) (7168 -1200 8 ) 
4 22 1 (8192 -2048 8 ) (8192 -2048 16 ) (7168 -2048 16 ) (7168 -2048 8 ) 
4 23 1 (8896 -3072 -160 ) (8896 -3072 8 ) (8192 -3072 8 ) (8192 -3072 -160 ) 
4 23 24 (8192 -3072 -160 ) (8192 -3072 8 ) (8192 -2864 8 ) (8192 -2864 -160 ) 
4 24 53 (7168 -3072 -160 ) (7168 -3072 8 ) (7168 -2864 8 ) (7168 -2864 -160 ) 
4 24 1 (8192 -3072 -160 ) (8192 -3072 8 ) (7168 -3072 8 ) (7168 -3072 -160 ) 
4 25 26 (11264 -4096 512 ) (11264 -3256 512 ) (11776 -3256 512 ) (11776 -4096 512 ) 
4 25 26 (11264 -3256 512 ) (11264 -4096 512 ) (10240 -4096 512 ) (10240 -3256 512 ) 
4 25 26 (11264 -5120 512 ) (11264 -4096 512 ) (11776 -4096 512 ) (11776 -5120 512 ) 
4 25 26 (11264 -5120 512 ) (10240 -5120 512 ) (10240 -4096 512 ) (11264 -4096 512 ) 
4 25 26 (11264 -6144 512 ) (11264 -5120 512 ) (11776 -5120 512 ) (11776 -6144 512 ) 
4 25 26 (11264 -6144 512 ) (10240 -6144 512 ) (10240 -5120 512 ) (11264 -5120 512 ) 
4 25 1 (9536 -4096 656 ) (9536 -4096 1728 ) (9536 -3256 1728 ) (9536 -3256 656 ) 
4 25 26 (9536 -4096 512 ) (9536 -3256 512 ) (10240 -3256 512 ) (10240 -4096 512 ) 
4 25 26 (9216 -3248 512 ) (9536 -3248 512 ) (9536 -4096 512 ) (9216 -4096 512 ) 
4 25 1 (8896 -4096 512 ) (8896 -4096 656 ) (8896 -3248 656 ) (8896 -3248 512 ) 
4 25 26 (9216 -4096 512 ) (8896 -4096 512 ) (8896 -3248 512 ) (9216 -3248 512 ) 
4 25 26 (10240 -5120 512 ) (9216 -5120 512 ) (9216 -4096 512 ) (10240 -4096 512 ) 
4 25 26 (10240 -5120 512 ) (10240 -6144 512 ) (9216 -6144 512 ) (9216 -5120 512 ) 
4 25 26 (8192 -5120 512 ) (8192 -4096 512 ) (9216 -4096 512 ) (9216 -5120 512 ) 
4 25 26 (8192 -5120 512 ) (7168 -5120 512 ) (7168 -4096 512 ) (8192 -4096 512 ) 
4 25 26 (9216 -6144 512 ) (8192 -6144 512 ) (8192 -5120 512 ) (9216 -5120 512 ) 
4 25 26 (8192 -6144 512 ) (7168 -6144 512 ) (7168 -5120 512 ) (8192 -5120 512 ) 
4 25 26 (11264 -7168 512 ) (11264 -6144 512 ) (11776 -6144 512 ) (11776 -7168 512 ) 
4 25 26 (11264 -7168 512 ) (10240 -7168 512 ) (10240 -6144 512 ) (11264 -6144 512 ) 
4 25 26 (11264 -8192 512 ) (11264 -7168 512 ) (11776 -7168 512 ) (11776 -8192 512 ) 
4 25 26 (11264 -8192 512 ) (10240 -8192 512 ) (10240 -7168 512 ) (11264 -7168 512 ) 
4 25 26 (10240 -7168 512 ) (9216 -7168 512 ) (9216 -6144 512 ) (10240 -6144 512 ) 
4 25 26 (10240 -8192 512 ) (9216 -8192 512 ) (9216 -7168 512 ) (10240 -7168 512 ) 
4 25 26 (8192 -7168 512 ) (8192 -6144 512 ) (9216 -6144 512 ) (9216 -7168 512 ) 
4 25 26 (8192 -7168 512 ) (7168 -7168 512 ) (7168 -6144 512 ) (8192 -6144 512 ) 
4 25 26 (9216 -8192 512 ) (8192 -8192 512 ) (8192 -7168 512 ) (9216 -7168 512 ) 
4 25 26 (8192 -8192 512 ) (7168 -8192 512 ) (7168 -7168 512 ) (8192 -7168 512 ) 
4 25 26 (6144 -5120 512 ) (6144 -4096 512 ) (7168 -4096 512 ) (7168 -5120 512 ) 
4 25 26 (6144 -5120 512 ) (5120 -5120 512 ) (5120 -4096 512 ) (6144 -4096 512 ) 
4 25 26 (7168 -6144 512 ) (6144 -6144 512 ) (6144 -5120 512 ) (7168 -5120 512 ) 
4 25 26 (6144 -6144 512 ) (5120 -6144 512 ) (5120 -5120 512 ) (6144 -5120 512 ) 
4 25 26 (2048 -4096 512 ) (2048 -3224 512 ) (2208 -3224 512 ) (2208 -4096 512 ) 
4 25 26 (5120 -5120 512 ) (4096 -5120 512 ) (4096 -4096 512 ) (5120 -4096 512 ) 
4 25 26 (5120 -5120 512 ) (5120 -6144 512 ) (4096 -6144 512 ) (4096 -5120 512 ) 
4 25 26 (3072 -5120 512 ) (3072 -4096 512 ) (4096 -4096 512 ) (4096 -5120 512 ) 
4 25 26 (3072 -5120 512 ) (2048 -5120 512 ) (2048 -4096 512 ) (3072 -4096 512 ) 
4 25 26 (4096 -6144 512 ) (3072 -6144 512 ) (3072 -5120 512 ) (4096 -5120 512 ) 
4 25 26 (3072 -6144 512 ) (2048 -6144 512 ) (2048 -5120 512 ) (3072 -5120 512 ) 
4 25 26 (6144 -7168 512 ) (6144 -6144 512 ) (7168 -6144 512 ) (7168 -7168 512 ) 
4 25 26 (6144 -7168 512 ) (5120 -7168 512 ) (5120 -6144 512 ) (6144 -6144 512 ) 
4 25 26 (7168 -8192 512 ) (6144 -8192 512 ) (6144 -7168 512 ) (7168 -7168 512 ) 
4 25 26 (6144 -8192 512 ) (5120 -8192 512 ) (5120 -7168 512 ) (6144 -7168 512 ) 
4 25 26 (5120 -7168 512 ) (4096 -7168 512 ) (4096 -6144 512 ) (5120 -6144 512 ) 
4 25 26 (5120 -8192 512 ) (4096 -8192 512 ) (4096 -7168 512 ) (5120 -7168 512 ) 
4 25 26 (3072 -7168 512 ) (3072 -6144 512 ) (4096 -6144 512 ) (4096 -7168 512 ) 
4 25 26 (3072 -7168 512 ) (2048 -7168 512 ) (2048 -6144 512 ) (3072 -6144 512 ) 
4 25 26 (4096 -8192 512 ) (3072 -8192 512 ) (3072 -7168 512 ) (4096 -7168 512 ) 
4 25 26 (3072 -8192 512 ) (2048 -8192 512 ) (2048 -7168 512 ) (3072 -7168 512 ) 
4 25 26 (2048 -4096 512 ) (1024 -4096 512 ) (1024 -3224 512 ) (2048 -3224 512 ) 
4 25 26 (1024 -3224 512 ) (1024 -4096 512 ) (0 -4096 512 ) (0 -3224 512 ) 
4 25 26 (1024 -5120 512 ) (1024 -4096 512 ) (2048 -4096 512 ) (2048 -5120 512 ) 
4 25 26 (1024 -5120 512 ) (0 -5120 512 ) (0 -4096 512 ) (1024 -4096 512 ) 
4 25 26 (2048 -6144 512 ) (1024 -6144 512 ) (1024 -5120 512 ) (2048 -5120 512 ) 
4 25 26 (1024 -6144 512 ) (0 -6144 512 ) (0 -5120 512 ) (1024 -5120 512 ) 
4 25 26 (-512 -4096 512 ) (-512 -3224 512 ) (0 -3224 512 ) (0 -4096 512 ) 
4 25 26 (0 -5120 512 ) (-512 -5120 512 ) (-512 -4096 512 ) (0 -4096 512 ) 
4 25 26 (-512 -6144 512 ) (-512 -5120 512 ) (0 -5120 512 ) (0 -6144 512 ) 
4 25 26 (1024 -7168 512 ) (1024 -6144 512 ) (2048 -6144 512 ) (2048 -7168 512 ) 
4 25 26 (1024 -7168 512 ) (0 -7168 512 ) (0 -6144 512 ) (1024 -6144 512 ) 
4 25 26 (2048 -8192 512 ) (1024 -8192 512 ) (1024 -7168 512 ) (2048 -7168 512 ) 
4 25 26 (1024 -8192 512 ) (0 -8192 512 ) (0 -7168 512 ) (1024 -7168 512 ) 
4 25 26 (0 -7168 512 ) (-512 -7168 512 ) (-512 -6144 512 ) (0 -6144 512 ) 
4 25 26 (0 -8192 512 ) (-512 -8192 512 ) (-512 -7168 512 ) (0 -7168 512 ) 
4 26 1 (8896 -3248 -160 ) (8896 -4096 -160 ) (8896 -4096 512 ) (8896 -3248 512 ) 
4 27 28 (6400 2432 16 ) (6400 2936 16 ) (6400 2936 8 ) (6400 2432 8 ) 
4 28 29 (6392 3072 8 ) (6392 2432 8 ) (6392 2432 16 ) (6392 3072 16 ) 
4 29 32 (6392 2048 16 ) (6144 2048 16 ) (6144 2048 8 ) (6392 2048 8 ) 
4 29 30 (6144 3072 16 ) (6144 3072 8 ) (6144 2048 8 ) (6144 2048 16 ) 
4 30 34 (6144 2048 8 ) (6144 2048 16 ) (5896 2048 16 ) (5896 2048 8 ) 
4 30 31 (5896 3072 8 ) (5896 2432 8 ) (5896 2432 16 ) (5896 3072 16 ) 
4 32 34 (6144 1536 16 ) (6144 2048 16 ) (6144 2048 8 ) (6144 1536 8 ) 
4 32 33 (6144 1536 8 ) (6392 1536 8 ) (6392 1536 16 ) (6144 1536 16 ) 
4 33 38 (6528 1024 16 ) (6144 1024 16 ) (6144 1024 8 ) (6528 1024 8 ) 
4 33 36 (6144 1024 8 ) (6144 1024 16 ) (6144 1032 16 ) (6144 1032 8 ) 
4 33 34 (6144 1032 16 ) (6144 1536 16 ) (6144 1536 8 ) (6144 1032 8 ) 
4 34 36 (5896 1032 8 ) (6144 1032 8 ) (6144 1032 16 ) (5896 1032 16 ) 
4 34 35 (5896 1536 8 ) (5896 1032 8 ) (5896 1032 16 ) (5896 1536 16 ) 
4 35 37 (5760 1536 8 ) (5760 1032 8 ) (5760 1032 16 ) (5760 1536 16 ) 
4 35 36 (5888 1032 8 ) (5896 1032 8 ) (5896 1032 16 ) (5888 1032 16 ) 
4 36 39 (6144 1024 8 ) (6144 1024 16 ) (5888 1024 16 ) (5888 1024 8 ) 
4 37 45 (5120 1032 16 ) (5120 1536 16 ) (5120 1536 8 ) (5120 1032 8 ) 
4 38 39 (6144 1024 16 ) (6144 1024 8 ) (6144 768 8 ) (6144 768 16 ) 
4 40 42 (4256 2048 8 ) (4256 2048 16 ) (4096 2048 16 ) (4096 2048 8 ) 
4 40 41 (4096 3072 16 ) (4096 3072 8 ) (4096 2048 8 ) (4096 2048 16 ) 
4 41 46 (4096 2048 8 ) (4096 2048 16 ) (3496 2048 16 ) (3496 2048 8 ) 
4 42 46 (4096 2048 16 ) (4096 2048 8 ) (4096 1856 8 ) (4096 1856 16 ) 
4 42 43 (4096 1856 16 ) (4096 1856 8 ) (4256 1856 8 ) (4256 1856 16 ) 
4 43 46 (4096 1664 8 ) (4096 1664 16 ) (4096 1856 16 ) (4096 1856 8 ) 
4 43 44 (4256 1664 8 ) (4256 1664 16 ) (4096 1664 16 ) (4096 1664 8 ) 
4 44 46 (4096 1536 16 ) (4096 1664 16 ) (4096 1664 8 ) (4096 1536 8 ) 
4 44 45 (4096 1536 8 ) (4256 1536 8 ) (4256 1536 16 ) (4096 1536 16 ) 
4 45 47 (4096 1032 16 ) (4096 1536 16 ) (4096 1536 8 ) (4096 1032 8 ) 
4 46 47 (4000 1536 8 ) (4096 1536 8 ) (4096 1536 16 ) (4000 1536 16 ) 
4 46 48 (3496 1536 8 ) (4000 1536 8 ) (4000 1536 16 ) (3496 1536 16 ) 
4 47 48 (4000 1536 16 ) (4000 1536 8 ) (4000 1032 8 ) (4000 1032 16 ) 
4 48 49 (4000 1024 16 ) (3392 1024 16 ) (3392 1024 8 ) (4000 1024 8 ) 
4 50 1 (7168 -2048 8 ) (7168 -2048 16 ) (6144 -2048 16 ) (6144 -2048 8 ) 
4 50 51 (6144 -2048 8 ) (6144 -2048 16 ) (6144 -1200 16 ) (6144 -1200 8 ) 
4 51 1 (5260 -2048 8 ) (6144 -2048 8 ) (6144 -2048 16 ) (5260 -2048 16 ) 
4 51 52 (5260 -1200 8 ) (5260 -2048 8 ) (5260 -2048 16 ) (5260 -1200 16 ) 
4 52 55 (5120 -2048 8 ) (5120 -2048 16 ) (5120 -1200 16 ) (5120 -1200 8 ) 
4 52 1 (5120 -2048 16 ) (5120 -2048 8 ) (5260 -2048 8 ) (5260 -2048 16 ) 
4 53 1 (7168 -3072 -160 ) (7168 -3072 8 ) (6144 -3072 8 ) (6144 -3072 -160 ) 
4 53 54 (6144 -3072 -160 ) (6144 -3072 8 ) (6144 -2864 8 ) (6144 -2864 -160 ) 
4 54 1 (6144 -3072 -160 ) (6144 -3072 8 ) (5120 -3072 8 ) (5120 -3072 -160 ) 
4 54 56 (5120 -3072 -160 ) (5120 -3072 8 ) (5120 -2864 8 ) (5120 -2864 -160 ) 
4 55 57 (4096 -1200 8 ) (4096 -2048 8 ) (4096 -2048 16 ) (4096 -1200 16 ) 
4 55 1 (5120 -2048 8 ) (5120 -2048 16 ) (4096 -2048 16 ) (4096 -2048 8 ) 
4 56 1 (5120 -3072 -160 ) (5120 -3072 8 ) (4096 -3072 8 ) (4096 -3072 -160 ) 
4 56 58 (4096 -3072 -160 ) (4096 -3072 8 ) (4096 -2864 8 ) (4096 -2864 -160 ) 
4 57 1 (4096 -2048 8 ) (4096 -2048 16 ) (3072 -2048 16 ) (3072 -2048 8 ) 
4 57 1 (3072 -2048 8 ) (3072 -2048 16 ) (3072 -1200 16 ) (3072 -1200 8 ) 
4 58 1 (4096 -3072 -160 ) (4096 -3072 8 ) (3072 -3072 8 ) (3072 -3072 -160 ) 
4 58 59 (3072 -3072 -160 ) (3072 -3072 8 ) (3072 -2864 8 ) (3072 -2864 -160 ) 
4 59 1 (3072 -3072 -160 ) (3072 -3072 8 ) (2208 -3072 8 ) (2208 -3072 -160 ) 
4 60 61 (1472 -1024 16 ) (1024 -1024 16 ) (1024 -1024 8 ) (1472 -1024 8 ) 
4 60 1 (1024 -1024 8 ) (1024 -1024 16 ) (1024 -928 16 ) (1024 -928 8 ) 
4 61 1 (1024 -1200 8 ) (1024 -1200 16 ) (1024 -1024 16 ) (1024 -1024 8 ) 
4 61 62 (1472 -1200 8 ) (1472 -1200 16 ) (1024 -1200 16 ) (1024 -1200 8 ) 
4 62 63 (1024 -2040 8 ) (1024 -2040 16 ) (1024 -1760 16 ) (1024 -1760 8 ) 
4 62 1 (1024 -1760 16 ) (1024 -1200 16 ) (1024 -1200 8 ) (1024 -1760 8 ) 
