


Using shader api: shaderapiempty.dll
materialPath: Z:\mnt\d\SteamLibrary\steamapps\common\Left 4 Dead 2\left4dead2\materials
Error opening Z:\mnt\f\stuff\git\l4d2-things\reverse_rda\map.vmf: File Z:\mnt\f\stuff\git\l4d2-things\reverse_rda\map.vmf, line 1: No such file or directory.



6 threads
reading z:\mnt\f\stuff\git\l4d2-things\reverse_rda\map.bsp
Error opening z:\mnt\f\stuff\git\l4d2-things\reverse_rda\map.bsp


[Reading texlights from 'lights.rad']
[2 texlights parsed from 'lights.rad']

Loading z:\mnt\f\stuff\git\l4d2-things\reverse_rda\map.bsp
Error opening z:\mnt\f\stuff\git\l4d2-things\reverse_rda\map.bsp


Using shader api: shaderapiempty.dll
materialPath: Z:\mnt\d\SteamLibrary\steamapps\common\Left 4 Dead 2\left4dead2\materials
Error opening Z:\mnt\f\stuff\git\l4d2-things\reverse_rda\map.vmf: File Z:\mnt\f\stuff\git\l4d2-things\reverse_rda\map.vmf, line 1: No such file or directory.



6 threads
reading z:\mnt\f\stuff\git\l4d2-things\reverse_rda\map.bsp
Error opening z:\mnt\f\stuff\git\l4d2-things\reverse_rda\map.bsp


[Reading texlights from 'lights.rad']
[2 texlights parsed from 'lights.rad']

Loading z:\mnt\f\stuff\git\l4d2-things\reverse_rda\map.bsp
Error opening z:\mnt\f\stuff\git\l4d2-things\reverse_rda\map.bsp


Using shader api: shaderapiempty.dll
materialPath: Z:\mnt\d\SteamLibrary\steamapps\common\Left 4 Dead 2\left4dead2\materials
Error opening Z:\mnt\f\stuff\git\l4d2-things\reverse_rda\map.vmf: File Z:\mnt\f\stuff\git\l4d2-things\reverse_rda\map.vmf, line 1: No such file or directory.



6 threads
reading z:\mnt\f\stuff\git\l4d2-things\reverse_rda\map.bsp
Error opening z:\mnt\f\stuff\git\l4d2-things\reverse_rda\map.bsp


[Reading texlights from 'lights.rad']
[2 texlights parsed from 'lights.rad']

Loading z:\mnt\f\stuff\git\l4d2-things\reverse_rda\map.bsp
Error opening z:\mnt\f\stuff\git\l4d2-things\reverse_rda\map.bsp


Using shader api: shaderapiempty.dll
materialPath: Z:\mnt\d\SteamLibrary\steamapps\common\Left 4 Dead 2\left4dead2\materials
Error opening Z:\mnt\f\stuff\git\l4d2-things\reverse_rda\map.vmf: File Z:\mnt\f\stuff\git\l4d2-things\reverse_rda\map.vmf, line 1: No such file or directory.



6 threads
reading z:\mnt\f\stuff\git\l4d2-things\reverse_rda\map.bsp
Error opening z:\mnt\f\stuff\git\l4d2-things\reverse_rda\map.bsp


[Reading texlights from 'lights.rad']
[2 texlights parsed from 'lights.rad']

Loading z:\mnt\f\stuff\git\l4d2-things\reverse_rda\map.bsp
Error opening z:\mnt\f\stuff\git\l4d2-things\reverse_rda\map.bsp


Using shader api: shaderapiempty.dll
materialPath: Z:\mnt\d\SteamLibrary\steamapps\common\Left 4 Dead 2\left4dead2\materials
Error opening Z:\mnt\f\stuff\git\l4d2-things\reverse_rda\map.vmf: File Z:\mnt\f\stuff\git\l4d2-things\reverse_rda\map.vmf, line 1: No such file or directory.



6 threads
reading z:\mnt\f\stuff\git\l4d2-things\reverse_rda\map.bsp
Error opening z:\mnt\f\stuff\git\l4d2-things\reverse_rda\map.bsp


[Reading texlights from 'lights.rad']
[2 texlights parsed from 'lights.rad']

Loading z:\mnt\f\stuff\git\l4d2-things\reverse_rda\map.bsp
Error opening z:\mnt\f\stuff\git\l4d2-things\reverse_rda\map.bsp


Using shader api: shaderapiempty.dll
materialPath: Z:\mnt\d\SteamLibrary\steamapps\common\Left 4 Dead 2\left4dead2\materials
Error opening Z:\mnt\f\stuff\git\l4d2-things\reverse_rda\map.vmf: File Z:\mnt\f\stuff\git\l4d2-things\reverse_rda\map.vmf, line 1: No such file or directory.



6 threads
reading z:\mnt\f\stuff\git\l4d2-things\reverse_rda\map.bsp
Error opening z:\mnt\f\stuff\git\l4d2-things\reverse_rda\map.bsp


[Reading texlights from 'lights.rad']
[2 texlights parsed from 'lights.rad']

Loading z:\mnt\f\stuff\git\l4d2-things\reverse_rda\map.bsp
Error opening z:\mnt\f\stuff\git\l4d2-things\reverse_rda\map.bsp


Using shader api: shaderapiempty.dll
materialPath: Z:\mnt\d\SteamLibrary\steamapps\common\Left 4 Dead 2\left4dead2\materials
Error opening Z:\mnt\f\stuff\git\l4d2-things\reverse_rda\map.vmf: File Z:\mnt\f\stuff\git\l4d2-things\reverse_rda\map.vmf, line 1: No such file or directory.



6 threads
reading z:\mnt\f\stuff\git\l4d2-things\reverse_rda\map.bsp
Error opening z:\mnt\f\stuff\git\l4d2-things\reverse_rda\map.bsp


[Reading texlights from 'lights.rad']
[2 texlights parsed from 'lights.rad']

Loading z:\mnt\f\stuff\git\l4d2-things\reverse_rda\map.bsp
Error opening z:\mnt\f\stuff\git\l4d2-things\reverse_rda\map.bsp


Using shader api: shaderapiempty.dll
materialPath: Z:\mnt\d\SteamLibrary\steamapps\common\Left 4 Dead 2\left4dead2\materials
Error opening Z:\mnt\f\stuff\git\l4d2-things\reverse_rda\map.vmf: File Z:\mnt\f\stuff\git\l4d2-things\reverse_rda\map.vmf, line 1: No such file or directory.



6 threads
reading z:\mnt\f\stuff\git\l4d2-things\reverse_rda\map.bsp
Error opening z:\mnt\f\stuff\git\l4d2-things\reverse_rda\map.bsp


[Reading texlights from 'lights.rad']
[2 texlights parsed from 'lights.rad']

Loading z:\mnt\f\stuff\git\l4d2-things\reverse_rda\map.bsp
Error opening z:\mnt\f\stuff\git\l4d2-things\reverse_rda\map.bsp


Using shader api: shaderapiempty.dll
materialPath: Z:\mnt\d\SteamLibrary\steamapps\common\Left 4 Dead 2\left4dead2\materials
Error opening Z:\mnt\f\stuff\git\l4d2-things\reverse_rda\map.vmf: File Z:\mnt\f\stuff\git\l4d2-things\reverse_rda\map.vmf, line 1: No such file or directory.



6 threads
reading z:\mnt\f\stuff\git\l4d2-things\reverse_rda\map.bsp
Error opening z:\mnt\f\stuff\git\l4d2-things\reverse_rda\map.bsp


[Reading texlights from 'lights.rad']
[2 texlights parsed from 'lights.rad']

Loading z:\mnt\f\stuff\git\l4d2-things\reverse_rda\map.bsp
Error opening z:\mnt\f\stuff\git\l4d2-things\reverse_rda\map.bsp